C:/Users/pierremirouze/Documents/GitHub/Kartrack_SW/uSD_toolchain_example/FatFs_uSD_RTOS/Src/sd_diskio_dma_rtos.c:160:9:SD_read	24	static
C:/Users/pierremirouze/Documents/GitHub/Kartrack_SW/uSD_toolchain_example/FatFs_uSD_RTOS/Src/sd_diskio_dma_rtos.c:214:9:SD_write	24	static
C:/Users/pierremirouze/Documents/GitHub/Kartrack_SW/uSD_toolchain_example/FatFs_uSD_RTOS/Src/sd_diskio_dma_rtos.c:267:9:SD_ioctl	48	static
C:/Users/pierremirouze/Documents/GitHub/Kartrack_SW/uSD_toolchain_example/FatFs_uSD_RTOS/Src/sd_diskio_dma_rtos.c:147:9:SD_status	8	static
C:/Users/pierremirouze/Documents/GitHub/Kartrack_SW/uSD_toolchain_example/FatFs_uSD_RTOS/Src/sd_diskio_dma_rtos.c:108:9:SD_initialize	24	static
C:/Users/pierremirouze/Documents/GitHub/Kartrack_SW/uSD_toolchain_example/FatFs_uSD_RTOS/Src/sd_diskio_dma_rtos.c:317:6:BSP_SD_WriteCpltCallback	0	static
C:/Users/pierremirouze/Documents/GitHub/Kartrack_SW/uSD_toolchain_example/FatFs_uSD_RTOS/Src/sd_diskio_dma_rtos.c:331:6:BSP_SD_ReadCpltCallback	0	static
