Archive member included to satisfy reference by file (symbol)

C:/ST/STM32CubeIDE_1.16.1/STM32CubeIDE/plugins/com.st.stm32cube.ide.mcu.externaltools.gnu-tools-for-stm32.13.3.rel1.win32_1.0.0.202411081344/tools/bin/../lib/gcc/arm-none-eabi/13.3.1/../../../../arm-none-eabi/lib/thumb/v7e-m+fp/hard\libc_nano.a(libc_a-exit.o)
                              C:/ST/STM32CubeIDE_1.16.1/STM32CubeIDE/plugins/com.st.stm32cube.ide.mcu.externaltools.gnu-tools-for-stm32.13.3.rel1.win32_1.0.0.202411081344/tools/bin/../lib/gcc/arm-none-eabi/13.3.1/../../../../arm-none-eabi/lib/thumb/v7e-m+fp/hard/crt0.o (exit)
C:/ST/STM32CubeIDE_1.16.1/STM32CubeIDE/plugins/com.st.stm32cube.ide.mcu.externaltools.gnu-tools-for-stm32.13.3.rel1.win32_1.0.0.202411081344/tools/bin/../lib/gcc/arm-none-eabi/13.3.1/../../../../arm-none-eabi/lib/thumb/v7e-m+fp/hard\libc_nano.a(libc_a-findfp.o)
                              C:/ST/STM32CubeIDE_1.16.1/STM32CubeIDE/plugins/com.st.stm32cube.ide.mcu.externaltools.gnu-tools-for-stm32.13.3.rel1.win32_1.0.0.202411081344/tools/bin/../lib/gcc/arm-none-eabi/13.3.1/../../../../arm-none-eabi/lib/thumb/v7e-m+fp/hard\libc_nano.a(libc_a-exit.o) (__stdio_exit_handler)
C:/ST/STM32CubeIDE_1.16.1/STM32CubeIDE/plugins/com.st.stm32cube.ide.mcu.externaltools.gnu-tools-for-stm32.13.3.rel1.win32_1.0.0.202411081344/tools/bin/../lib/gcc/arm-none-eabi/13.3.1/../../../../arm-none-eabi/lib/thumb/v7e-m+fp/hard\libc_nano.a(libc_a-fwalk.o)
                              C:/ST/STM32CubeIDE_1.16.1/STM32CubeIDE/plugins/com.st.stm32cube.ide.mcu.externaltools.gnu-tools-for-stm32.13.3.rel1.win32_1.0.0.202411081344/tools/bin/../lib/gcc/arm-none-eabi/13.3.1/../../../../arm-none-eabi/lib/thumb/v7e-m+fp/hard\libc_nano.a(libc_a-findfp.o) (_fwalk_sglue)
C:/ST/STM32CubeIDE_1.16.1/STM32CubeIDE/plugins/com.st.stm32cube.ide.mcu.externaltools.gnu-tools-for-stm32.13.3.rel1.win32_1.0.0.202411081344/tools/bin/../lib/gcc/arm-none-eabi/13.3.1/../../../../arm-none-eabi/lib/thumb/v7e-m+fp/hard\libc_nano.a(libc_a-stdio.o)
                              C:/ST/STM32CubeIDE_1.16.1/STM32CubeIDE/plugins/com.st.stm32cube.ide.mcu.externaltools.gnu-tools-for-stm32.13.3.rel1.win32_1.0.0.202411081344/tools/bin/../lib/gcc/arm-none-eabi/13.3.1/../../../../arm-none-eabi/lib/thumb/v7e-m+fp/hard\libc_nano.a(libc_a-findfp.o) (__sread)
C:/ST/STM32CubeIDE_1.16.1/STM32CubeIDE/plugins/com.st.stm32cube.ide.mcu.externaltools.gnu-tools-for-stm32.13.3.rel1.win32_1.0.0.202411081344/tools/bin/../lib/gcc/arm-none-eabi/13.3.1/../../../../arm-none-eabi/lib/thumb/v7e-m+fp/hard\libc_nano.a(libc_a-memset.o)
                              C:/ST/STM32CubeIDE_1.16.1/STM32CubeIDE/plugins/com.st.stm32cube.ide.mcu.externaltools.gnu-tools-for-stm32.13.3.rel1.win32_1.0.0.202411081344/tools/bin/../lib/gcc/arm-none-eabi/13.3.1/../../../../arm-none-eabi/lib/thumb/v7e-m+fp/hard/crt0.o (memset)
C:/ST/STM32CubeIDE_1.16.1/STM32CubeIDE/plugins/com.st.stm32cube.ide.mcu.externaltools.gnu-tools-for-stm32.13.3.rel1.win32_1.0.0.202411081344/tools/bin/../lib/gcc/arm-none-eabi/13.3.1/../../../../arm-none-eabi/lib/thumb/v7e-m+fp/hard\libc_nano.a(libc_a-closer.o)
                              C:/ST/STM32CubeIDE_1.16.1/STM32CubeIDE/plugins/com.st.stm32cube.ide.mcu.externaltools.gnu-tools-for-stm32.13.3.rel1.win32_1.0.0.202411081344/tools/bin/../lib/gcc/arm-none-eabi/13.3.1/../../../../arm-none-eabi/lib/thumb/v7e-m+fp/hard\libc_nano.a(libc_a-stdio.o) (_close_r)
C:/ST/STM32CubeIDE_1.16.1/STM32CubeIDE/plugins/com.st.stm32cube.ide.mcu.externaltools.gnu-tools-for-stm32.13.3.rel1.win32_1.0.0.202411081344/tools/bin/../lib/gcc/arm-none-eabi/13.3.1/../../../../arm-none-eabi/lib/thumb/v7e-m+fp/hard\libc_nano.a(libc_a-reent.o)
                              C:/ST/STM32CubeIDE_1.16.1/STM32CubeIDE/plugins/com.st.stm32cube.ide.mcu.externaltools.gnu-tools-for-stm32.13.3.rel1.win32_1.0.0.202411081344/tools/bin/../lib/gcc/arm-none-eabi/13.3.1/../../../../arm-none-eabi/lib/thumb/v7e-m+fp/hard\libc_nano.a(libc_a-closer.o) (errno)
C:/ST/STM32CubeIDE_1.16.1/STM32CubeIDE/plugins/com.st.stm32cube.ide.mcu.externaltools.gnu-tools-for-stm32.13.3.rel1.win32_1.0.0.202411081344/tools/bin/../lib/gcc/arm-none-eabi/13.3.1/../../../../arm-none-eabi/lib/thumb/v7e-m+fp/hard\libc_nano.a(libc_a-impure.o)
                              C:/ST/STM32CubeIDE_1.16.1/STM32CubeIDE/plugins/com.st.stm32cube.ide.mcu.externaltools.gnu-tools-for-stm32.13.3.rel1.win32_1.0.0.202411081344/tools/bin/../lib/gcc/arm-none-eabi/13.3.1/../../../../arm-none-eabi/lib/thumb/v7e-m+fp/hard\libc_nano.a(libc_a-reent.o) (_impure_ptr)
C:/ST/STM32CubeIDE_1.16.1/STM32CubeIDE/plugins/com.st.stm32cube.ide.mcu.externaltools.gnu-tools-for-stm32.13.3.rel1.win32_1.0.0.202411081344/tools/bin/../lib/gcc/arm-none-eabi/13.3.1/../../../../arm-none-eabi/lib/thumb/v7e-m+fp/hard\libc_nano.a(libc_a-lseekr.o)
[...]
Memory Configuration

Name             Origin             Length             Attributes
RAM              0x20000000         0x00050000         xrw
FLASH            0x08000000         0x00100000         xr
*default*        0x00000000         0xffffffff

Linker script and memory map

LOAD C:/ST/STM32CubeIDE_1.16.1/STM32CubeIDE/plugins/com.st.stm32cube.ide.mcu.externaltools.gnu-tools-for-stm32.13.3.rel1.win32_1.0.0.202411081344/tools/bin/../lib/gcc/arm-none-eabi/13.3.1/thumb/v7e-m+fp/hard/crti.o
LOAD C:/ST/STM32CubeIDE_1.16.1/STM32CubeIDE/plugins/com.st.stm32cube.ide.mcu.externaltools.gnu-tools-for-stm32.13.3.rel1.win32_1.0.0.202411081344/tools/bin/../lib/gcc/arm-none-eabi/13.3.1/thumb/v7e-m+fp/hard/crtbegin.o
LOAD C:/ST/STM32CubeIDE_1.16.1/STM32CubeIDE/plugins/com.st.stm32cube.ide.mcu.externaltools.gnu-tools-for-stm32.13.3.rel1.win32_1.0.0.202411081344/tools/bin/../lib/gcc/arm-none-eabi/13.3.1/../../../../arm-none-eabi/lib/thumb/v7e-m+fp/hard/crt0.o
LOAD ./Application/SW4STM32/startup_stm32f746xx.o
LOAD ./Application/SW4STM32/syscalls.o
LOAD ./Application/User/main.o
LOAD ./Application/User/stm32f7xx_hal_timebase_tim.o
LOAD ./Application/User/stm32f7xx_it.o
LOAD ./Drivers/BSP/STM32746G_Discovery/stm32746g_discovery.o
LOAD ./Drivers/BSP/STM32746G_Discovery/stm32746g_discovery_sd.o
LOAD ./Drivers/CMSIS/system_stm32f7xx.o
LOAD ./Drivers/STM32F7xx_HAL_Driver/stm32f7xx_hal.o
LOAD ./Drivers/STM32F7xx_HAL_Driver/stm32f7xx_hal_cortex.o
LOAD ./Drivers/STM32F7xx_HAL_Driver/stm32f7xx_hal_dma.o
LOAD ./Drivers/STM32F7xx_HAL_Driver/stm32f7xx_hal_dma_ex.o
LOAD ./Drivers/STM32F7xx_HAL_Driver/stm32f7xx_hal_gpio.o
LOAD ./Drivers/STM32F7xx_HAL_Driver/stm32f7xx_hal_i2c.o
LOAD ./Drivers/STM32F7xx_HAL_Driver/stm32f7xx_hal_i2c_ex.o
LOAD ./Drivers/STM32F7xx_HAL_Driver/stm32f7xx_hal_pwr.o
LOAD ./Drivers/STM32F7xx_HAL_Driver/stm32f7xx_hal_pwr_ex.o
LOAD ./Drivers/STM32F7xx_HAL_Driver/stm32f7xx_hal_rcc.o
LOAD ./Drivers/STM32F7xx_HAL_Driver/stm32f7xx_hal_rcc_ex.o
LOAD ./Drivers/STM32F7xx_HAL_Driver/stm32f7xx_hal_sd.o
LOAD ./Drivers/STM32F7xx_HAL_Driver/stm32f7xx_hal_tim.o
LOAD ./Drivers/STM32F7xx_HAL_Driver/stm32f7xx_hal_tim_ex.o
LOAD ./Drivers/STM32F7xx_HAL_Driver/stm32f7xx_hal_uart.o
LOAD ./Drivers/STM32F7xx_HAL_Driver/stm32f7xx_ll_fmc.o
LOAD ./Drivers/STM32F7xx_HAL_Driver/stm32f7xx_ll_sdmmc.o
LOAD ./Middlewares/FatFs/Core/diskio.o
LOAD ./Middlewares/FatFs/Core/ff.o
LOAD ./Middlewares/FatFs/Core/ff_gen_drv.o
LOAD ./Middlewares/FatFs/Drivers/sd_diskio_dma_rtos.o
LOAD ./Middlewares/FatFs/Options/syscall.o
LOAD ./Middlewares/FatFs/Options/unicode.o
LOAD ./Middlewares/FreeRTOS/CMSIS_RTOS/cmsis_os.o
LOAD ./Middlewares/FreeRTOS/croutine.o
LOAD ./Middlewares/FreeRTOS/list.o
LOAD ./Middlewares/FreeRTOS/queue.o
LOAD ./Middlewares/FreeRTOS/tasks.o
LOAD ./Middlewares/FreeRTOS/timers.o
LOAD ./Middlewares/FreeRTOS/portable/heap_4.o
LOAD ./Middlewares/FreeRTOS/portable/port.o
START GROUP
LOAD C:/ST/STM32CubeIDE_1.16.1/STM32CubeIDE/plugins/com.st.stm32cube.ide.mcu.externaltools.gnu-tools-for-stm32.13.3.rel1.win32_1.0.0.202411081344/tools/bin/../lib/gcc/arm-none-eabi/13.3.1/../../../../arm-none-eabi/lib/thumb/v7e-m+fp/hard\libc_nano.a
LOAD C:/ST/STM32CubeIDE_1.16.1/STM32CubeIDE/plugins/com.st.stm32cube.ide.mcu.externaltools.gnu-tools-for-stm32.13.3.rel1.win32_1.0.0.202411081344/tools/bin/../lib/gcc/arm-none-eabi/13.3.1/../../../../arm-none-eabi/lib/thumb/v7e-m+fp/hard\libm.a
END GROUP
START GROUP
LOAD C:/ST/STM32CubeIDE_1.16.1/STM32CubeIDE/plugins/com.st.stm32cube.ide.mcu.externaltools.gnu-tools-for-stm32.13.3.rel1.win32_1.0.0.202411081344/tools/bin/../lib/gcc/arm-none-eabi/13.3.1/thumb/v7e-m+fp/hard\libgcc.a
LOAD C:/ST/STM32CubeIDE_1.16.1/STM32CubeIDE/plugins/com.st.stm32cube.ide.mcu.externaltools.gnu-tools-for-stm32.13.3.rel1.win32_1.0.0.202411081344/tools/bin/../lib/gcc/arm-none-eabi/13.3.1/../../../../arm-none-eabi/lib/thumb/v7e-m+fp/hard\libc_nano.a
END GROUP
START GROUP
LOAD C:/ST/STM32CubeIDE_1.16.1/STM32CubeIDE/plugins/com.st.stm32cube.ide.mcu.externaltools.gnu-tools-for-stm32.13.3.rel1.win32_1.0.0.202411081344/tools/bin/../lib/gcc/arm-none-eabi/13.3.1/thumb/v7e-m+fp/hard\libgcc.a
LOAD C:/ST/STM32CubeIDE_1.16.1/STM32CubeIDE/plugins/com.st.stm32cube.ide.mcu.externaltools.gnu-tools-for-stm32.13.3.rel1.win32_1.0.0.202411081344/tools/bin/../lib/gcc/arm-none-eabi/13.3.1/../../../../arm-none-eabi/lib/thumb/v7e-m+fp/hard\libc_nano.a
LOAD C:/ST/STM32CubeIDE_1.16.1/STM32CubeIDE/plugins/com.st.stm32cube.ide.mcu.externaltools.gnu-tools-for-stm32.13.3.rel1.win32_1.0.0.202411081344/tools/bin/../lib/gcc/arm-none-eabi/13.3.1/../../../../arm-none-eabi/lib/thumb/v7e-m+fp/hard\libnosys.a
END GROUP
START GROUP
LOAD C:/ST/STM32CubeIDE_1.16.1/STM32CubeIDE/plugins/com.st.stm32cube.ide.mcu.externaltools.gnu-tools-for-stm32.13.3.rel1.win32_1.0.0.202411081344/tools/bin/../lib/gcc/arm-none-eabi/13.3.1/thumb/v7e-m+fp/hard\libgcc.a
LOAD C:/ST/STM32CubeIDE_1.16.1/STM32CubeIDE/plugins/com.st.stm32cube.ide.mcu.externaltools.gnu-tools-for-stm32.13.3.rel1.win32_1.0.0.202411081344/tools/bin/../lib/gcc/arm-none-eabi/13.3.1/../../../../arm-none-eabi/lib/thumb/v7e-m+fp/hard\libc_nano.a
LOAD C:/ST/STM32CubeIDE_1.16.1/STM32CubeIDE/plugins/com.st.stm32cube.ide.mcu.externaltools.gnu-tools-for-stm32.13.3.rel1.win32_1.0.0.202411081344/tools/bin/../lib/gcc/arm-none-eabi/13.3.1/../../../../arm-none-eabi/lib/thumb/v7e-m+fp/hard\libnosys.a
END GROUP
LOAD C:/ST/STM32CubeIDE_1.16.1/STM32CubeIDE/plugins/com.st.stm32cube.ide.mcu.externaltools.gnu-tools-for-stm32.13.3.rel1.win32_1.0.0.202411081344/tools/bin/../lib/gcc/arm-none-eabi/13.3.1/thumb/v7e-m+fp/hard/crtend.o
LOAD C:/ST/STM32CubeIDE_1.16.1/STM32CubeIDE/plugins/com.st.stm32cube.ide.mcu.externaltools.gnu-tools-for-stm32.13.3.rel1.win32_1.0.0.202411081344/tools/bin/../lib/gcc/arm-none-eabi/13.3.1/thumb/v7e-m+fp/hard/crtn.o
                0x20050000                        _estack = 0x20050000
                0x00000400                        _Min_Heap_Size = 0x400
                0x00000600                        _Min_Stack_Size = 0x600

.isr_vector     0x08000000      0x1c8
                0x08000000                        . = ALIGN (0x4)
 *(.isr_vector)
 .isr_vector    0x08000000      0x1c8 ./Application/SW4STM32/startup_stm32f746xx.o
                0x08000000                g_pfnVectors
                0x080001c8                        . = ALIGN (0x4)

.text           0x080001d0     0x6630
                0x080001d0                        . = ALIGN (0x4)
 *(.text)
 .text          0x080001d0       0x40 C:/ST/STM32CubeIDE_1.16.1/STM32CubeIDE/plugins/com.st.stm32cube.ide.mcu.externaltools.gnu-tools-for-stm32.13.3.rel1.win32_1.0.0.202411081344/tools/bin/../lib/gcc/arm-none-eabi/13.3.1/thumb/v7e-m+fp/hard/crtbegin.o
 .text          0x08000210       0x30 C:/ST/STM32CubeIDE_1.16.1/STM32CubeIDE/plugins/com.st.stm32cube.ide.mcu.externaltools.gnu-tools-for-stm32.13.3.rel1.win32_1.0.0.202411081344/tools/bin/../lib/gcc/arm-none-eabi/13.3.1/thumb/v7e-m+fp/hard\libgcc.a(_aeabi_uldivmod.o)
                0x08000210                __aeabi_uldivmod
 .text          0x08000240      0x2f8 C:/ST/STM32CubeIDE_1.16.1/STM32CubeIDE/plugins/com.st.stm32cube.ide.mcu.externaltools.gnu-tools-for-stm32.13.3.rel1.win32_1.0.0.202411081344/tools/bin/../lib/gcc/arm-none-eabi/13.3.1/thumb/v7e-m+fp/hard\libgcc.a(_udivmoddi4.o)
                0x08000240                __udivmoddi4
 .text          0x08000538        0x4 C:/ST/STM32CubeIDE_1.16.1/STM32CubeIDE/plugins/com.st.stm32cube.ide.mcu.externaltools.gnu-tools-for-stm32.13.3.rel1.win32_1.0.0.202411081344/tools/bin/../lib/gcc/arm-none-eabi/13.3.1/thumb/v7e-m+fp/hard\libgcc.a(_dvmd_tls.o)
                0x08000538                __aeabi_idiv0
                0x08000538                __aeabi_ldiv0
 *(.text*)
 .text.Reset_Handler
                0x0800053c       0x50 ./Application/SW4STM32/startup_stm32f746xx.o
                0x0800053c                Reset_Handler
 .text.Default_Handler
                0x0800058c        0x2 ./Application/SW4STM32/startup_stm32f746xx.o
                0x0800058c                RTC_Alarm_IRQHandler
                0x0800058c                EXTI2_IRQHandler
                0x0800058c                TIM8_CC_IRQHandler
                0x0800058c                UART8_IRQHandler
                0x0800058c                SPI4_IRQHandler
                0x0800058c                TIM1_CC_IRQHandler
                0x0800058c                DMA2_Stream5_IRQHandler
                0x0800058c                DMA1_Stream5_IRQHandler
                0x0800058c                PVD_IRQHandler
                0x0800058c                TAMP_STAMP_IRQHandler
                0x0800058c                CAN2_RX1_IRQHandler
                0x0800058c                EXTI3_IRQHandler
                0x0800058c                TIM8_TRG_COM_TIM14_IRQHandler
                0x0800058c                TIM1_UP_TIM10_IRQHandler
                0x0800058c                TIM8_UP_TIM13_IRQHandler
                0x0800058c                I2C3_ER_IRQHandler
                0x0800058c                EXTI0_IRQHandler
                0x0800058c                I2C2_EV_IRQHandler
                0x0800058c                DMA1_Stream2_IRQHandler
                0x0800058c                CAN1_RX0_IRQHandler
                0x0800058c                FPU_IRQHandler
                0x0800058c                OTG_HS_WKUP_IRQHandler
                0x0800058c                LTDC_ER_IRQHandler
                0x0800058c                CAN2_SCE_IRQHandler
                0x0800058c                DMA2_Stream2_IRQHandler
                0x0800058c                SPI1_IRQHandler
                0x0800058c                TIM1_BRK_TIM9_IRQHandler
                0x0800058c                DCMI_IRQHandler
                0x0800058c                CAN2_RX0_IRQHandler
                0x0800058c                SAI2_IRQHandler
                0x0800058c                USART6_IRQHandler
                0x0800058c                USART3_IRQHandler
                0x0800058c                CAN1_RX1_IRQHandler
                0x0800058c                UART5_IRQHandler
                0x0800058c                DMA2_Stream0_IRQHandler
                0x0800058c                TIM4_IRQHandler
                0x0800058c                QUADSPI_IRQHandler
                0x0800058c                I2C1_EV_IRQHandler
                0x0800058c                DMA1_Stream6_IRQHandler
                0x0800058c                DMA1_Stream1_IRQHandler
                0x0800058c                UART4_IRQHandler
                0x0800058c                TIM3_IRQHandler
                0x0800058c                RCC_IRQHandler
                0x0800058c                TIM8_BRK_TIM12_IRQHandler
                0x0800058c                Default_Handler
                0x0800058c                CEC_IRQHandler
                0x0800058c                EXTI15_10_IRQHandler
                0x0800058c                ADC_IRQHandler
                0x0800058c                DMA1_Stream7_IRQHandler
                0x0800058c                SPI5_IRQHandler
                0x0800058c                TIM7_IRQHandler
                0x0800058c                CAN2_TX_IRQHandler
                0x0800058c                TIM5_IRQHandler
                0x0800058c                DMA2_Stream7_IRQHandler
                0x0800058c                I2C3_EV_IRQHandler
                0x0800058c                EXTI9_5_IRQHandler
                0x0800058c                RTC_WKUP_IRQHandler
                0x0800058c                LTDC_IRQHandler
                0x0800058c                ETH_WKUP_IRQHandler
                0x0800058c                SPDIF_RX_IRQHandler
                0x0800058c                SPI2_IRQHandler
                0x0800058c                OTG_HS_EP1_IN_IRQHandler
                0x0800058c                DMA1_Stream0_IRQHandler
                0x0800058c                CAN1_TX_IRQHandler
                0x0800058c                EXTI4_IRQHandler
                0x0800058c                RNG_IRQHandler
                0x0800058c                ETH_IRQHandler
                0x0800058c                OTG_HS_EP1_OUT_IRQHandler
                0x0800058c                WWDG_IRQHandler
                0x0800058c                SPI6_IRQHandler
                0x0800058c                I2C4_EV_IRQHandler
                0x0800058c                TIM2_IRQHandler
                0x0800058c                OTG_FS_WKUP_IRQHandler
                0x0800058c                TIM1_TRG_COM_TIM11_IRQHandler
                0x0800058c                OTG_HS_IRQHandler
                0x0800058c                DMA2D_IRQHandler
                0x0800058c                EXTI1_IRQHandler
                0x0800058c                UART7_IRQHandler
                0x0800058c                USART2_IRQHandler
                0x0800058c                I2C2_ER_IRQHandler
                0x0800058c                DMA2_Stream1_IRQHandler
                0x0800058c                CAN1_SCE_IRQHandler
                0x0800058c                FLASH_IRQHandler
                0x0800058c                DMA2_Stream4_IRQHandler
                0x0800058c                USART1_IRQHandler
                0x0800058c                OTG_FS_IRQHandler
                0x0800058c                SPI3_IRQHandler
                0x0800058c                DMA1_Stream4_IRQHandler
                0x0800058c                I2C1_ER_IRQHandler
                0x0800058c                FMC_IRQHandler
                0x0800058c                LPTIM1_IRQHandler
                0x0800058c                I2C4_ER_IRQHandler
                0x0800058c                SAI1_IRQHandler
                0x0800058c                DMA1_Stream3_IRQHandler
 .text.Error_Handler
                0x0800058e       0x16 ./Application/User/main.o
 .text.StartThread
                0x080005a4       0xdc ./Application/User/main.o
 .text.startup.main
                0x08000680      0x11c ./Application/User/main.o
                0x08000680                main
 .text.HAL_InitTick
                0x0800079c       0x84 ./Application/User/stm32f7xx_hal_timebase_tim.o
                0x0800079c                HAL_InitTick
 .text.HAL_TIM_PeriodElapsedCallback
                0x08000820        0x4 ./Application/User/stm32f7xx_hal_timebase_tim.o
                0x08000820                HAL_TIM_PeriodElapsedCallback
 .text.TIM6_DAC_IRQHandler
                0x08000824        0xc ./Application/User/stm32f7xx_hal_timebase_tim.o
                0x08000824                TIM6_DAC_IRQHandler
 .text.NMI_Handler
                0x08000830        0x2 ./Application/User/stm32f7xx_it.o
                0x08000830                NMI_Handler
 .text.HardFault_Handler
                0x08000832        0x2 ./Application/User/stm32f7xx_it.o
                0x08000832                HardFault_Handler
 .text.MemManage_Handler
                0x08000834        0x2 ./Application/User/stm32f7xx_it.o
                0x08000834                MemManage_Handler
 .text.BusFault_Handler
                0x08000836        0x2 ./Application/User/stm32f7xx_it.o
                0x08000836                BusFault_Handler
 .text.UsageFault_Handler
                0x08000838        0x2 ./Application/User/stm32f7xx_it.o
                0x08000838                UsageFault_Handler
 .text.DebugMon_Handler
                0x0800083a        0x2 ./Application/User/stm32f7xx_it.o
                0x0800083a                DebugMon_Handler
 .text.SysTick_Handler
                0x0800083c        0x4 ./Application/User/stm32f7xx_it.o
                0x0800083c                SysTick_Handler
 .text.SDMMC1_IRQHandler
                0x08000840        0xc ./Application/User/stm32f7xx_it.o
                0x08000840                SDMMC1_IRQHandler
 .text.DMA2_Stream6_IRQHandler
                0x0800084c        0xc ./Application/User/stm32f7xx_it.o
                0x0800084c                DMA2_Stream6_IRQHandler
 .text.DMA2_Stream3_IRQHandler
                0x08000858        0xc ./Application/User/stm32f7xx_it.o
                0x08000858                DMA2_Stream3_IRQHandler
 .text.BSP_LED_Init
                0x08000864       0x48 ./Drivers/BSP/STM32746G_Discovery/stm32746g_discovery.o
                0x08000864                BSP_LED_Init
 .text.BSP_LED_On
                0x080008ac       0x14 ./Drivers/BSP/STM32746G_Discovery/stm32746g_discovery.o
                0x080008ac                BSP_LED_On
 .text.BSP_LED_Toggle
                0x080008c0       0x10 ./Drivers/BSP/STM32746G_Discovery/stm32746g_discovery.o
                0x080008c0                BSP_LED_Toggle
 .text.BSP_SD_IsDetected
                0x080008d0       0x2c ./Drivers/BSP/STM32746G_Discovery/stm32746g_discovery_sd.o
                0x080008d0                BSP_SD_IsDetected
 .text.BSP_SD_ReadBlocks_DMA
                0x080008fc       0x1c ./Drivers/BSP/STM32746G_Discovery/stm32746g_discovery_sd.o
                0x080008fc                BSP_SD_ReadBlocks_DMA
 .text.BSP_SD_WriteBlocks_DMA
                0x08000918       0x1c ./Drivers/BSP/STM32746G_Discovery/stm32746g_discovery_sd.o
                0x08000918                BSP_SD_WriteBlocks_DMA
 .text.BSP_SD_MspInit
                0x08000934      0x17c ./Drivers/BSP/STM32746G_Discovery/stm32746g_discovery_sd.o
                0x08000934                BSP_SD_MspInit
 .text.BSP_SD_Detect_MspInit
                0x08000ab0       0x40 ./Drivers/BSP/STM32746G_Discovery/stm32746g_discovery_sd.o
                0x08000ab0                BSP_SD_Detect_MspInit
 .text.BSP_SD_Init
                0x08000af0       0x58 ./Drivers/BSP/STM32746G_Discovery/stm32746g_discovery_sd.o
                0x08000af0                BSP_SD_Init
 .text.BSP_SD_GetCardState
                0x08000b48       0x14 ./Drivers/BSP/STM32746G_Discovery/stm32746g_discovery_sd.o
                0x08000b48                BSP_SD_GetCardState
 .text.BSP_SD_GetCardInfo
                0x08000b5c        0xc ./Drivers/BSP/STM32746G_Discovery/stm32746g_discovery_sd.o
                0x08000b5c                BSP_SD_GetCardInfo
 .text.BSP_SD_AbortCallback
                0x08000b68        0x2 ./Drivers/BSP/STM32746G_Discovery/stm32746g_discovery_sd.o
                0x08000b68                BSP_SD_AbortCallback
 .text.HAL_SD_AbortCallback
                0x08000b6a        0x8 ./Drivers/BSP/STM32746G_Discovery/stm32746g_discovery_sd.o
                0x08000b6a                HAL_SD_AbortCallback
 .text.HAL_SD_TxCpltCallback
                0x08000b72        0x8 ./Drivers/BSP/STM32746G_Discovery/stm32746g_discovery_sd.o
                0x08000b72                HAL_SD_TxCpltCallback
 .text.HAL_SD_RxCpltCallback
                0x08000b7a        0x8 ./Drivers/BSP/STM32746G_Discovery/stm32746g_discovery_sd.o
                0x08000b7a                HAL_SD_RxCpltCallback
 *fill*         0x08000b82        0x2 
 .text.SystemInit
                0x08000b84       0x4c ./Drivers/CMSIS/system_stm32f7xx.o
                0x08000b84                SystemInit
 .text.HAL_MspInit
                0x08000bd0        0x2 ./Drivers/STM32F7xx_HAL_Driver/stm32f7xx_hal.o
                0x08000bd0                HAL_MspInit
 *fill*         0x08000bd2        0x2 
 .text.HAL_Init
                0x08000bd4       0x24 ./Drivers/STM32F7xx_HAL_Driver/stm32f7xx_hal.o
                0x08000bd4                HAL_Init
 .text.HAL_IncTick
                0x08000bf8       0x18 ./Drivers/STM32F7xx_HAL_Driver/stm32f7xx_hal.o
                0x08000bf8                HAL_IncTick
 .text.HAL_GetTick
                0x08000c10        0xc ./Drivers/STM32F7xx_HAL_Driver/stm32f7xx_hal.o
                0x08000c10                HAL_GetTick
 .text.HAL_Delay
                0x08000c1c       0x24 ./Drivers/STM32F7xx_HAL_Driver/stm32f7xx_hal.o
                0x08000c1c                HAL_Delay
 .text.HAL_NVIC_SetPriorityGrouping
                0x08000c40       0x24 ./Drivers/STM32F7xx_HAL_Driver/stm32f7xx_hal_cortex.o
                0x08000c40                HAL_NVIC_SetPriorityGrouping
 .text.HAL_NVIC_SetPriority
                0x08000c64       0x64 ./Drivers/STM32F7xx_HAL_Driver/stm32f7xx_hal_cortex.o
                0x08000c64                HAL_NVIC_SetPriority
 .text.HAL_NVIC_EnableIRQ
                0x08000cc8       0x1c ./Drivers/STM32F7xx_HAL_Driver/stm32f7xx_hal_cortex.o
                0x08000cc8                HAL_NVIC_EnableIRQ
 .text.HAL_MPU_Disable
                0x08000ce4       0x1c ./Drivers/STM32F7xx_HAL_Driver/stm32f7xx_hal_cortex.o
                0x08000ce4                HAL_MPU_Disable
 .text.HAL_MPU_Enable
                0x08000d00       0x20 ./Drivers/STM32F7xx_HAL_Driver/stm32f7xx_hal_cortex.o
                0x08000d00                HAL_MPU_Enable
 .text.HAL_MPU_ConfigRegion
                0x08000d20       0x58 ./Drivers/STM32F7xx_HAL_Driver/stm32f7xx_hal_cortex.o
                0x08000d20                HAL_MPU_ConfigRegion
 .text.DMA_CalcBaseAndBitshift
                0x08000d78       0x2c ./Drivers/STM32F7xx_HAL_Driver/stm32f7xx_hal_dma.o
 .text.HAL_DMA_Init
                0x08000da4       0xfc ./Drivers/STM32F7xx_HAL_Driver/stm32f7xx_hal_dma.o
                0x08000da4                HAL_DMA_Init
 .text.HAL_DMA_DeInit
                0x08000ea0       0x54 ./Drivers/STM32F7xx_HAL_Driver/stm32f7xx_hal_dma.o
                0x08000ea0                HAL_DMA_DeInit
 .text.HAL_DMA_Start_IT
                0x08000ef4       0x7a ./Drivers/STM32F7xx_HAL_Driver/stm32f7xx_hal_dma.o
                0x08000ef4                HAL_DMA_Start_IT
 .text.HAL_DMA_Abort_IT
                0x08000f6e       0x24 ./Drivers/STM32F7xx_HAL_Driver/stm32f7xx_hal_dma.o
                0x08000f6e                HAL_DMA_Abort_IT
 *fill*         0x08000f92        0x2 
 .text.HAL_DMA_IRQHandler
                0x08000f94      0x17c ./Drivers/STM32F7xx_HAL_Driver/stm32f7xx_hal_dma.o
                0x08000f94                HAL_DMA_IRQHandler
 .text.HAL_DMA_GetError
                0x08001110        0x4 ./Drivers/STM32F7xx_HAL_Driver/stm32f7xx_hal_dma.o
                0x08001110                HAL_DMA_GetError
 .text.HAL_GPIO_Init
                0x08001114      0x1c8 ./Drivers/STM32F7xx_HAL_Driver/stm32f7xx_hal_gpio.o
                0x08001114                HAL_GPIO_Init
 .text.HAL_GPIO_ReadPin
                0x080012dc        0xc ./Drivers/STM32F7xx_HAL_Driver/stm32f7xx_hal_gpio.o
                0x080012dc                HAL_GPIO_ReadPin
 .text.HAL_GPIO_WritePin
                0x080012e8        0xa ./Drivers/STM32F7xx_HAL_Driver/stm32f7xx_hal_gpio.o
                0x080012e8                HAL_GPIO_WritePin
 .text.HAL_GPIO_TogglePin
                0x080012f2       0x12 ./Drivers/STM32F7xx_HAL_Driver/stm32f7xx_hal_gpio.o
                0x080012f2                HAL_GPIO_TogglePin
 .text.HAL_PWREx_EnableOverDrive
                0x08001304       0x70 ./Drivers/STM32F7xx_HAL_Driver/stm32f7xx_hal_pwr_ex.o
                0x08001304                HAL_PWREx_EnableOverDrive
 .text.HAL_RCC_OscConfig
                0x08001374      0x374 ./Drivers/STM32F7xx_HAL_Driver/stm32f7xx_hal_rcc.o
                0x08001374                HAL_RCC_OscConfig
 .text.HAL_RCC_GetSysClockFreq
                0x080016e8       0x5c ./Drivers/STM32F7xx_HAL_Driver/stm32f7xx_hal_rcc.o
                0x080016e8                HAL_RCC_GetSysClockFreq
 .text.HAL_RCC_ClockConfig
                0x08001744      0x13c ./Drivers/STM32F7xx_HAL_Driver/stm32f7xx_hal_rcc.o
                0x08001744                HAL_RCC_ClockConfig
 .text.HAL_RCC_GetPCLK1Freq
                0x08001880       0x20 ./Drivers/STM32F7xx_HAL_Driver/stm32f7xx_hal_rcc.o
                0x08001880                HAL_RCC_GetPCLK1Freq
 .text.HAL_RCC_GetClockConfig
                0x080018a0       0x3c ./Drivers/STM32F7xx_HAL_Driver/stm32f7xx_hal_rcc.o
                0x080018a0                HAL_RCC_GetClockConfig
 .text.SD_DMATransmitCplt
                0x080018dc        0xe ./Drivers/STM32F7xx_HAL_Driver/stm32f7xx_hal_sd.o
 .text.SD_FindSCR.constprop.0
                0x080018ea       0xcc ./Drivers/STM32F7xx_HAL_Driver/stm32f7xx_hal_sd.o
 .text.HAL_SD_MspInit
                0x080019b6        0x2 ./Drivers/STM32F7xx_HAL_Driver/stm32f7xx_hal_sd.o
                0x080019b6                HAL_SD_MspInit
 .text.HAL_SD_ReadBlocks_DMA
                0x080019b8      0x118 ./Drivers/STM32F7xx_HAL_Driver/stm32f7xx_hal_sd.o
                0x080019b8                HAL_SD_ReadBlocks_DMA
 .text.HAL_SD_WriteBlocks_DMA
                0x08001ad0      0x110 ./Drivers/STM32F7xx_HAL_Driver/stm32f7xx_hal_sd.o
                0x08001ad0                HAL_SD_WriteBlocks_DMA
 .text.HAL_SD_ErrorCallback
                0x08001be0        0x2 ./Drivers/STM32F7xx_HAL_Driver/stm32f7xx_hal_sd.o
                0x08001be0                HAL_SD_ErrorCallback
 .text.SD_DMAReceiveCplt
                0x08001be2       0x40 ./Drivers/STM32F7xx_HAL_Driver/stm32f7xx_hal_sd.o
 *fill*         0x08001c22        0x2 
 .text.HAL_SD_GetCardCSD
                0x08001c24      0x16c ./Drivers/STM32F7xx_HAL_Driver/stm32f7xx_hal_sd.o
                0x08001c24                HAL_SD_GetCardCSD
 .text.HAL_SD_InitCard
                0x08001d90      0x20c ./Drivers/STM32F7xx_HAL_Driver/stm32f7xx_hal_sd.o
                0x08001d90                HAL_SD_InitCard
 .text.HAL_SD_Init
                0x08001f9c       0x36 ./Drivers/STM32F7xx_HAL_Driver/stm32f7xx_hal_sd.o
                0x08001f9c                HAL_SD_Init
 .text.HAL_SD_GetCardInfo
                0x08001fd2       0x24 ./Drivers/STM32F7xx_HAL_Driver/stm32f7xx_hal_sd.o
                0x08001fd2                HAL_SD_GetCardInfo
 *fill*         0x08001ff6        0x2 
 .text.HAL_SD_ConfigWideBusOperation
                0x08001ff8      0x114 ./Drivers/STM32F7xx_HAL_Driver/stm32f7xx_hal_sd.o
                0x08001ff8                HAL_SD_ConfigWideBusOperation
 .text.HAL_SD_GetCardState
                0x0800210c       0x28 ./Drivers/STM32F7xx_HAL_Driver/stm32f7xx_hal_sd.o
                0x0800210c                HAL_SD_GetCardState
 .text.SD_DMAError
                0x08002134       0x60 ./Drivers/STM32F7xx_HAL_Driver/stm32f7xx_hal_sd.o
 .text.SD_DMATxAbort
                0x08002194       0x40 ./Drivers/STM32F7xx_HAL_Driver/stm32f7xx_hal_sd.o
 .text.HAL_SD_IRQHandler
                0x080021d4      0x200 ./Drivers/STM32F7xx_HAL_Driver/stm32f7xx_hal_sd.o
                0x080021d4                HAL_SD_IRQHandler
 .text.SD_DMARxAbort
                0x080023d4        0x4 ./Drivers/STM32F7xx_HAL_Driver/stm32f7xx_hal_sd.o
 .text.HAL_TIM_Base_MspInit
                0x080023d8        0x2 ./Drivers/STM32F7xx_HAL_Driver/stm32f7xx_hal_tim.o
                0x080023d8                HAL_TIM_Base_MspInit
 *fill*         0x080023da        0x2 
 .text.HAL_TIM_Base_Start_IT
                0x080023dc       0x7c ./Drivers/STM32F7xx_HAL_Driver/stm32f7xx_hal_tim.o
                0x080023dc                HAL_TIM_Base_Start_IT
 .text.HAL_TIM_OC_DelayElapsedCallback
                0x08002458        0x2 ./Drivers/STM32F7xx_HAL_Driver/stm32f7xx_hal_tim.o
                0x08002458                HAL_TIM_OC_DelayElapsedCallback
 .text.HAL_TIM_IC_CaptureCallback
                0x0800245a        0x2 ./Drivers/STM32F7xx_HAL_Driver/stm32f7xx_hal_tim.o
                0x0800245a                HAL_TIM_IC_CaptureCallback
 .text.HAL_TIM_PWM_PulseFinishedCallback
                0x0800245c        0x2 ./Drivers/STM32F7xx_HAL_Driver/stm32f7xx_hal_tim.o
                0x0800245c                HAL_TIM_PWM_PulseFinishedCallback
 .text.HAL_TIM_TriggerCallback
                0x0800245e        0x2 ./Drivers/STM32F7xx_HAL_Driver/stm32f7xx_hal_tim.o
                0x0800245e                HAL_TIM_TriggerCallback
 .text.HAL_TIM_IRQHandler
                0x08002460      0x140 ./Drivers/STM32F7xx_HAL_Driver/stm32f7xx_hal_tim.o
                0x08002460                HAL_TIM_IRQHandler
 .text.TIM_Base_SetConfig
                0x080025a0       0xb0 ./Drivers/STM32F7xx_HAL_Driver/stm32f7xx_hal_tim.o
                0x080025a0                TIM_Base_SetConfig
 .text.HAL_TIM_Base_Init
                0x08002650       0x60 ./Drivers/STM32F7xx_HAL_Driver/stm32f7xx_hal_tim.o
                0x08002650                HAL_TIM_Base_Init
 .text.HAL_TIMEx_CommutCallback
                0x080026b0        0x2 ./Drivers/STM32F7xx_HAL_Driver/stm32f7xx_hal_tim_ex.o
                0x080026b0                HAL_TIMEx_CommutCallback
 .text.HAL_TIMEx_BreakCallback
                0x080026b2        0x2 ./Drivers/STM32F7xx_HAL_Driver/stm32f7xx_hal_tim_ex.o
                0x080026b2                HAL_TIMEx_BreakCallback
 .text.HAL_TIMEx_Break2Callback
                0x080026b4        0x2 ./Drivers/STM32F7xx_HAL_Driver/stm32f7xx_hal_tim_ex.o
                0x080026b4                HAL_TIMEx_Break2Callback
 .text.SDMMC_Init
                0x080026b6       0x38 ./Drivers/STM32F7xx_HAL_Driver/stm32f7xx_ll_sdmmc.o
                0x080026b6                SDMMC_Init
 .text.SDMMC_ReadFIFO
                0x080026ee        0x6 ./Drivers/STM32F7xx_HAL_Driver/stm32f7xx_ll_sdmmc.o
                0x080026ee                SDMMC_ReadFIFO
 .text.SDMMC_WriteFIFO
                0x080026f4        0xa ./Drivers/STM32F7xx_HAL_Driver/stm32f7xx_ll_sdmmc.o
                0x080026f4                SDMMC_WriteFIFO
 .text.SDMMC_PowerState_ON
                0x080026fe        0x8 ./Drivers/STM32F7xx_HAL_Driver/stm32f7xx_ll_sdmmc.o
                0x080026fe                SDMMC_PowerState_ON
 .text.SDMMC_GetPowerState
                0x08002706        0x8 ./Drivers/STM32F7xx_HAL_Driver/stm32f7xx_ll_sdmmc.o
                0x08002706                SDMMC_GetPowerState
 .text.SDMMC_SendCommand
                0x0800270e       0x22 ./Drivers/STM32F7xx_HAL_Driver/stm32f7xx_ll_sdmmc.o
                0x0800270e                SDMMC_SendCommand
 .text.SDMMC_GetResponse
                0x08002730        0x6 ./Drivers/STM32F7xx_HAL_Driver/stm32f7xx_ll_sdmmc.o
                0x08002730                SDMMC_GetResponse
 .text.SDMMC_ConfigData
                0x08002736       0x26 ./Drivers/STM32F7xx_HAL_Driver/stm32f7xx_ll_sdmmc.o
                0x08002736                SDMMC_ConfigData
 .text.SDMMC_CmdGoIdleState
                0x0800275c       0x4c ./Drivers/STM32F7xx_HAL_Driver/stm32f7xx_ll_sdmmc.o
                0x0800275c                SDMMC_CmdGoIdleState
 .text.SDMMC_GetCmdResp1
                0x080027a8      0x11c ./Drivers/STM32F7xx_HAL_Driver/stm32f7xx_ll_sdmmc.o
                0x080027a8                SDMMC_GetCmdResp1
 .text.SDMMC_CmdBlockLength
                0x080028c4       0x32 ./Drivers/STM32F7xx_HAL_Driver/stm32f7xx_ll_sdmmc.o
                0x080028c4                SDMMC_CmdBlockLength
 .text.SDMMC_CmdReadSingleBlock
                0x080028f6       0x32 ./Drivers/STM32F7xx_HAL_Driver/stm32f7xx_ll_sdmmc.o
                0x080028f6                SDMMC_CmdReadSingleBlock
 .text.SDMMC_CmdReadMultiBlock
                0x08002928       0x32 ./Drivers/STM32F7xx_HAL_Driver/stm32f7xx_ll_sdmmc.o
                0x08002928                SDMMC_CmdReadMultiBlock
 .text.SDMMC_CmdWriteSingleBlock
                0x0800295a       0x32 ./Drivers/STM32F7xx_HAL_Driver/stm32f7xx_ll_sdmmc.o
                0x0800295a                SDMMC_CmdWriteSingleBlock
 .text.SDMMC_CmdWriteMultiBlock
                0x0800298c       0x32 ./Drivers/STM32F7xx_HAL_Driver/stm32f7xx_ll_sdmmc.o
                0x0800298c                SDMMC_CmdWriteMultiBlock
 *fill*         0x080029be        0x2 
 .text.SDMMC_CmdStopTransfer
                0x080029c0       0x34 ./Drivers/STM32F7xx_HAL_Driver/stm32f7xx_ll_sdmmc.o
                0x080029c0                SDMMC_CmdStopTransfer
 .text.SDMMC_CmdSelDesel
                0x080029f4       0x32 ./Drivers/STM32F7xx_HAL_Driver/stm32f7xx_ll_sdmmc.o
                0x080029f4                SDMMC_CmdSelDesel
 .text.SDMMC_CmdAppCommand
                0x08002a26       0x32 ./Drivers/STM32F7xx_HAL_Driver/stm32f7xx_ll_sdmmc.o
                0x08002a26                SDMMC_CmdAppCommand
 .text.SDMMC_CmdBusWidth
                0x08002a58       0x32 ./Drivers/STM32F7xx_HAL_Driver/stm32f7xx_ll_sdmmc.o
                0x08002a58                SDMMC_CmdBusWidth
 .text.SDMMC_CmdSendSCR
                0x08002a8a       0x32 ./Drivers/STM32F7xx_HAL_Driver/stm32f7xx_ll_sdmmc.o
                0x08002a8a                SDMMC_CmdSendSCR
 .text.SDMMC_CmdSendStatus
                0x08002abc       0x32 ./Drivers/STM32F7xx_HAL_Driver/stm32f7xx_ll_sdmmc.o
                0x08002abc                SDMMC_CmdSendStatus
 *fill*         0x08002aee        0x2 
 .text.SDMMC_GetCmdResp2
                0x08002af0       0x4c ./Drivers/STM32F7xx_HAL_Driver/stm32f7xx_ll_sdmmc.o
                0x08002af0                SDMMC_GetCmdResp2
 .text.SDMMC_CmdSendCID
                0x08002b3c       0x2c ./Drivers/STM32F7xx_HAL_Driver/stm32f7xx_ll_sdmmc.o
                0x08002b3c                SDMMC_CmdSendCID
 .text.SDMMC_CmdSendCSD
                0x08002b68       0x2c ./Drivers/STM32F7xx_HAL_Driver/stm32f7xx_ll_sdmmc.o
                0x08002b68                SDMMC_CmdSendCSD
 .text.SDMMC_GetCmdResp3
                0x08002b94       0x44 ./Drivers/STM32F7xx_HAL_Driver/stm32f7xx_ll_sdmmc.o
                0x08002b94                SDMMC_GetCmdResp3
 .text.SDMMC_CmdAppOperCommand
                0x08002bd8       0x34 ./Drivers/STM32F7xx_HAL_Driver/stm32f7xx_ll_sdmmc.o
                0x08002bd8                SDMMC_CmdAppOperCommand
 .text.SDMMC_GetCmdResp6
                0x08002c0c       0x80 ./Drivers/STM32F7xx_HAL_Driver/stm32f7xx_ll_sdmmc.o
                0x08002c0c                SDMMC_GetCmdResp6
 .text.SDMMC_CmdSetRelAdd
                0x08002c8c       0x32 ./Drivers/STM32F7xx_HAL_Driver/stm32f7xx_ll_sdmmc.o
                0x08002c8c                SDMMC_CmdSetRelAdd
 *fill*         0x08002cbe        0x2 
 .text.SDMMC_GetCmdResp7
                0x08002cc0       0x54 ./Drivers/STM32F7xx_HAL_Driver/stm32f7xx_ll_sdmmc.o
                0x08002cc0                SDMMC_GetCmdResp7
 .text.SDMMC_CmdOperCond
                0x08002d14       0x30 ./Drivers/STM32F7xx_HAL_Driver/stm32f7xx_ll_sdmmc.o
                0x08002d14                SDMMC_CmdOperCond
 .text.disk_status
                0x08002d44       0x14 ./Middlewares/FatFs/Core/diskio.o
                0x08002d44                disk_status
 .text.disk_initialize
                0x08002d58       0x20 ./Middlewares/FatFs/Core/diskio.o
                0x08002d58                disk_initialize
 .text.disk_read
                0x08002d78       0x1c ./Middlewares/FatFs/Core/diskio.o
                0x08002d78                disk_read
 .text.disk_write
                0x08002d94       0x1c ./Middlewares/FatFs/Core/diskio.o
                0x08002d94                disk_write
 .text.disk_ioctl
                0x08002db0       0x1c ./Middlewares/FatFs/Core/diskio.o
                0x08002db0                disk_ioctl
 .text.get_fattime
                0x08002dcc        0x4 ./Middlewares/FatFs/Core/diskio.o
                0x08002dcc                get_fattime
 .text.ld_dword
                0x08002dd0        0x4 ./Middlewares/FatFs/Core/ff.o
 .text.st_dword
                0x08002dd4       0x10 ./Middlewares/FatFs/Core/ff.o
 .text.mem_set  0x08002de4        0xc ./Middlewares/FatFs/Core/ff.o
 .text.chk_lock
                0x08002df0       0x74 ./Middlewares/FatFs/Core/ff.o
 .text.inc_lock
                0x08002e64       0x84 ./Middlewares/FatFs/Core/ff.o
 .text.dec_lock
                0x08002ee8       0x3c ./Middlewares/FatFs/Core/ff.o
 .text.clear_lock
                0x08002f24       0x1c ./Middlewares/FatFs/Core/ff.o
 .text.clust2sect
                0x08002f40       0x16 ./Middlewares/FatFs/Core/ff.o
 .text.clmt_clust
                0x08002f56       0x22 ./Middlewares/FatFs/Core/ff.o
 .text.sum_sfn  0x08002f78       0x1e ./Middlewares/FatFs/Core/ff.o
 .text.get_ldnumber
                0x08002f96       0x3a ./Middlewares/FatFs/Core/ff.o
 .text.sync_window
                0x08002fd0       0x4a ./Middlewares/FatFs/Core/ff.o
 .text.mem_cpy.part.0
                0x0800301a       0x12 ./Middlewares/FatFs/Core/ff.o
 .text.st_clust
                0x0800302c       0x18 ./Middlewares/FatFs/Core/ff.o
 .text.move_window
                0x08003044       0x32 ./Middlewares/FatFs/Core/ff.o
 *fill*         0x08003076        0x2 
 .text.check_fs
                0x08003078       0x78 ./Middlewares/FatFs/Core/ff.o
 .text.find_volume
                0x080030f0      0x26c ./Middlewares/FatFs/Core/ff.o
 .text.put_fat  0x0800335c       0xf0 ./Middlewares/FatFs/Core/ff.o
 .text.sync_fs  0x0800344c       0x96 ./Middlewares/FatFs/Core/ff.o
 .text.unlock_fs
                0x080034e2       0x16 ./Middlewares/FatFs/Core/ff.o
 .text.ld_clust.isra.0
                0x080034f8       0x10 ./Middlewares/FatFs/Core/ff.o
 .text.get_fat.isra.0
                0x08003508       0xac ./Middlewares/FatFs/Core/ff.o
 .text.remove_chain
                0x080035b4       0x6e ./Middlewares/FatFs/Core/ff.o
 .text.create_chain
                0x08003622       0xb0 ./Middlewares/FatFs/Core/ff.o
 .text.dir_next
                0x080036d2       0xec ./Middlewares/FatFs/Core/ff.o
 .text.dir_sdi  0x080037be       0x80 ./Middlewares/FatFs/Core/ff.o
 *fill*         0x0800383e        0x2 
 .text.dir_find
                0x08003840      0x15c ./Middlewares/FatFs/Core/ff.o
 .text.dir_register
                0x0800399c      0x280 ./Middlewares/FatFs/Core/ff.o
 .text.follow_path
                0x08003c1c      0x274 ./Middlewares/FatFs/Core/ff.o
 .text.validate
                0x08003e90       0x52 ./Middlewares/FatFs/Core/ff.o
 *fill*         0x08003ee2        0x2 
 .text.f_mount  0x08003ee4       0x88 ./Middlewares/FatFs/Core/ff.o
                0x08003ee4                f_mount
 .text.f_open   0x08003f6c      0x228 ./Middlewares/FatFs/Core/ff.o
                0x08003f6c                f_open
 .text.f_read   0x08004194      0x18c ./Middlewares/FatFs/Core/ff.o
                0x08004194                f_read
 .text.f_write  0x08004320      0x1b8 ./Middlewares/FatFs/Core/ff.o
                0x08004320                f_write
 .text.f_sync   0x080044d8       0xa6 ./Middlewares/FatFs/Core/ff.o
                0x080044d8                f_sync
 .text.f_close  0x0800457e       0x32 ./Middlewares/FatFs/Core/ff.o
                0x0800457e                f_close
 .text.f_mkfs   0x080045b0      0x5ac ./Middlewares/FatFs/Core/ff.o
                0x080045b0                f_mkfs
 .text.FATFS_LinkDriverEx
                0x08004b5c       0x44 ./Middlewares/FatFs/Core/ff_gen_drv.o
                0x08004b5c                FATFS_LinkDriverEx
 .text.FATFS_LinkDriver
                0x08004ba0        0x6 ./Middlewares/FatFs/Core/ff_gen_drv.o
                0x08004ba0                FATFS_LinkDriver
 *fill*         0x08004ba6        0x2 
 .text.FATFS_UnLinkDriverEx
                0x08004ba8       0x30 ./Middlewares/FatFs/Core/ff_gen_drv.o
                0x08004ba8                FATFS_UnLinkDriverEx
 .text.FATFS_UnLinkDriver
                0x08004bd8        0x6 ./Middlewares/FatFs/Core/ff_gen_drv.o
                0x08004bd8                FATFS_UnLinkDriver
 *fill*         0x08004bde        0x2 
 .text.SD_read  0x08004be0       0x50 ./Middlewares/FatFs/Drivers/sd_diskio_dma_rtos.o
                0x08004be0                SD_read
 .text.SD_write
                0x08004c30       0x50 ./Middlewares/FatFs/Drivers/sd_diskio_dma_rtos.o
                0x08004c30                SD_write
 .text.SD_ioctl
                0x08004c80       0x50 ./Middlewares/FatFs/Drivers/sd_diskio_dma_rtos.o
                0x08004c80                SD_ioctl
 .text.SD_status
                0x08004cd0       0x20 ./Middlewares/FatFs/Drivers/sd_diskio_dma_rtos.o
                0x08004cd0                SD_status
 .text.SD_initialize
                0x08004cf0       0x5c ./Middlewares/FatFs/Drivers/sd_diskio_dma_rtos.o
                0x08004cf0                SD_initialize
 .text.BSP_SD_WriteCpltCallback
                0x08004d4c       0x14 ./Middlewares/FatFs/Drivers/sd_diskio_dma_rtos.o
                0x08004d4c                BSP_SD_WriteCpltCallback
 .text.BSP_SD_ReadCpltCallback
                0x08004d60       0x14 ./Middlewares/FatFs/Drivers/sd_diskio_dma_rtos.o
                0x08004d60                BSP_SD_ReadCpltCallback
 .text.ff_cre_syncobj
                0x08004d74       0x1c ./Middlewares/FatFs/Options/syscall.o
                0x08004d74                ff_cre_syncobj
 .text.ff_del_syncobj
                0x08004d90        0xa ./Middlewares/FatFs/Options/syscall.o
                0x08004d90                ff_del_syncobj
 .text.ff_req_grant
                0x08004d9a       0x12 ./Middlewares/FatFs/Options/syscall.o
                0x08004d9a                ff_req_grant
 .text.ff_rel_grant
                0x08004dac        0x4 ./Middlewares/FatFs/Options/syscall.o
                0x08004dac                ff_rel_grant
 .text.ff_memalloc
                0x08004db0        0x4 ./Middlewares/FatFs/Options/syscall.o
                0x08004db0                ff_memalloc
 .text.ff_memfree
                0x08004db4        0x4 ./Middlewares/FatFs/Options/syscall.o
                0x08004db4                ff_memfree
 .text.ff_convert
                0x08004db8       0x38 ./Middlewares/FatFs/Options/unicode.o
                0x08004db8                ff_convert
 .text.ff_wtoupper
                0x08004df0       0x84 ./Middlewares/FatFs/Options/unicode.o
                0x08004df0                ff_wtoupper
 .text.osKernelStart
                0x08004e74        0xa ./Middlewares/FreeRTOS/CMSIS_RTOS/cmsis_os.o
                0x08004e74                osKernelStart
 .text.osKernelRunning
                0x08004e7e        0xe ./Middlewares/FreeRTOS/CMSIS_RTOS/cmsis_os.o
                0x08004e7e                osKernelRunning
 .text.osKernelSysTick
                0x08004e8c        0xe ./Middlewares/FreeRTOS/CMSIS_RTOS/cmsis_os.o
                0x08004e8c                osKernelSysTick
 .text.osThreadCreate
                0x08004e9a       0x30 ./Middlewares/FreeRTOS/CMSIS_RTOS/cmsis_os.o
                0x08004e9a                osThreadCreate
 .text.osMutexRelease
                0x08004eca       0x48 ./Middlewares/FreeRTOS/CMSIS_RTOS/cmsis_os.o
                0x08004eca                osMutexRelease
 .text.osMutexDelete
                0x08004f12       0x14 ./Middlewares/FreeRTOS/CMSIS_RTOS/cmsis_os.o
                0x08004f12                osMutexDelete
 .text.osSemaphoreCreate
                0x08004f26       0x2a ./Middlewares/FreeRTOS/CMSIS_RTOS/cmsis_os.o
                0x08004f26                osSemaphoreCreate
 .text.osSemaphoreWait
                0x08004f50       0x4c ./Middlewares/FreeRTOS/CMSIS_RTOS/cmsis_os.o
                0x08004f50                osSemaphoreWait
 .text.osSemaphoreRelease
                0x08004f9c        0x4 ./Middlewares/FreeRTOS/CMSIS_RTOS/cmsis_os.o
                0x08004f9c                osSemaphoreRelease
 .text.osSemaphoreDelete
                0x08004fa0        0x4 ./Middlewares/FreeRTOS/CMSIS_RTOS/cmsis_os.o
                0x08004fa0                osSemaphoreDelete
 .text.osMessageCreate
                0x08004fa4        0xa ./Middlewares/FreeRTOS/CMSIS_RTOS/cmsis_os.o
                0x08004fa4                osMessageCreate
 .text.osMessagePut
                0x08004fae       0x52 ./Middlewares/FreeRTOS/CMSIS_RTOS/cmsis_os.o
                0x08004fae                osMessagePut
 .text.osMessageGet
                0x08005000       0x74 ./Middlewares/FreeRTOS/CMSIS_RTOS/cmsis_os.o
                0x08005000                osMessageGet
 .text.osSystickHandler
                0x08005074       0x14 ./Middlewares/FreeRTOS/CMSIS_RTOS/cmsis_os.o
                0x08005074                osSystickHandler
 .text.vListInitialise
                0x08005088       0x16 ./Middlewares/FreeRTOS/list.o
                0x08005088                vListInitialise
 .text.vListInitialiseItem
                0x0800509e        0x6 ./Middlewares/FreeRTOS/list.o
                0x0800509e                vListInitialiseItem
 .text.vListInsertEnd
                0x080050a4       0x16 ./Middlewares/FreeRTOS/list.o
                0x080050a4                vListInsertEnd
 .text.vListInsert
                0x080050ba       0x2e ./Middlewares/FreeRTOS/list.o
                0x080050ba                vListInsert
 .text.uxListRemove
                0x080050e8       0x20 ./Middlewares/FreeRTOS/list.o
                0x080050e8                uxListRemove
 .text.prvIsQueueEmpty
                0x08005108       0x16 ./Middlewares/FreeRTOS/queue.o
 .text.prvCopyDataToQueue
                0x0800511e       0x66 ./Middlewares/FreeRTOS/queue.o
 .text.prvCopyDataFromQueue
                0x08005184       0x2a ./Middlewares/FreeRTOS/queue.o
 .text.prvUnlockQueue
                0x080051ae       0x6c ./Middlewares/FreeRTOS/queue.o
 .text.xQueueGenericReset
                0x0800521a       0x82 ./Middlewares/FreeRTOS/queue.o
                0x0800521a                xQueueGenericReset
 .text.xQueueGenericCreate
                0x0800529c       0x46 ./Middlewares/FreeRTOS/queue.o
                0x0800529c                xQueueGenericCreate
 .text.xQueueCreateCountingSemaphore
                0x080052e2       0x44 ./Middlewares/FreeRTOS/queue.o
                0x080052e2                xQueueCreateCountingSemaphore
 .text.xQueueGenericSend
                0x08005326      0x174 ./Middlewares/FreeRTOS/queue.o
                0x08005326                xQueueGenericSend
 .text.xQueueGenericSendFromISR
                0x0800549a       0xc8 ./Middlewares/FreeRTOS/queue.o
                0x0800549a                xQueueGenericSendFromISR
 .text.xQueueGiveFromISR
                0x08005562       0xb2 ./Middlewares/FreeRTOS/queue.o
                0x08005562                xQueueGiveFromISR
 .text.xQueueReceive
                0x08005614      0x148 ./Middlewares/FreeRTOS/queue.o
                0x08005614                xQueueReceive
 .text.xQueueSemaphoreTake
                0x0800575c      0x18a ./Middlewares/FreeRTOS/queue.o
                0x0800575c                xQueueSemaphoreTake
 .text.xQueueReceiveFromISR
                0x080058e6       0xa6 ./Middlewares/FreeRTOS/queue.o
                0x080058e6                xQueueReceiveFromISR
 .text.vQueueUnregisterQueue
                0x0800598c       0x28 ./Middlewares/FreeRTOS/queue.o
                0x0800598c                vQueueUnregisterQueue
 .text.vQueueDelete
                0x080059b4       0x2a ./Middlewares/FreeRTOS/queue.o
                0x080059b4                vQueueDelete
 *fill*         0x080059de        0x2 
 .text.prvAddCurrentTaskToDelayedList
                0x080059e0       0x6c ./Middlewares/FreeRTOS/tasks.o
 .text.prvResetNextTaskUnblockTime
                0x08005a4c       0x20 ./Middlewares/FreeRTOS/tasks.o
 .text.prvIdleTask
                0x08005a6c       0x54 ./Middlewares/FreeRTOS/tasks.o
 .text.xTaskCreate
                0x08005ac0      0x190 ./Middlewares/FreeRTOS/tasks.o
                0x08005ac0                xTaskCreate
 .text.vTaskStartScheduler
                0x08005c50       0x74 ./Middlewares/FreeRTOS/tasks.o
                0x08005c50                vTaskStartScheduler
 .text.vTaskSuspendAll
                0x08005cc4       0x14 ./Middlewares/FreeRTOS/tasks.o
                0x08005cc4                vTaskSuspendAll
 .text.xTaskGetTickCount
                0x08005cd8        0xc ./Middlewares/FreeRTOS/tasks.o
                0x08005cd8                xTaskGetTickCount
 .text.xTaskGetTickCountFromISR
                0x08005ce4       0x10 ./Middlewares/FreeRTOS/tasks.o
                0x08005ce4                xTaskGetTickCountFromISR
 .text.xTaskIncrementTick
                0x08005cf4       0xe8 ./Middlewares/FreeRTOS/tasks.o
                0x08005cf4                xTaskIncrementTick
 .text.xTaskResumeAll
                0x08005ddc       0xd8 ./Middlewares/FreeRTOS/tasks.o
                0x08005ddc                xTaskResumeAll
 .text.vTaskSwitchContext
                0x08005eb4       0x68 ./Middlewares/FreeRTOS/tasks.o
                0x08005eb4                vTaskSwitchContext
 .text.vTaskPlaceOnEventList
                0x08005f1c       0x38 ./Middlewares/FreeRTOS/tasks.o
                0x08005f1c                vTaskPlaceOnEventList
 .text.xTaskRemoveFromEventList
                0x08005f54       0x78 ./Middlewares/FreeRTOS/tasks.o
                0x08005f54                xTaskRemoveFromEventList
 .text.vTaskInternalSetTimeOutState
                0x08005fcc       0x14 ./Middlewares/FreeRTOS/tasks.o
                0x08005fcc                vTaskInternalSetTimeOutState
 .text.xTaskCheckForTimeOut
                0x08005fe0       0x7c ./Middlewares/FreeRTOS/tasks.o
                0x08005fe0                xTaskCheckForTimeOut
 .text.vTaskMissedYield
                0x0800605c       0x10 ./Middlewares/FreeRTOS/tasks.o
                0x0800605c                vTaskMissedYield
 .text.xTaskGetSchedulerState
                0x0800606c       0x20 ./Middlewares/FreeRTOS/tasks.o
                0x0800606c                xTaskGetSchedulerState
 .text.xTaskPriorityInherit
                0x0800608c       0x98 ./Middlewares/FreeRTOS/tasks.o
                0x0800608c                xTaskPriorityInherit
 .text.xTaskPriorityDisinherit
                0x08006124       0xa4 ./Middlewares/FreeRTOS/tasks.o
                0x08006124                xTaskPriorityDisinherit
 .text.vTaskPriorityDisinheritAfterTimeout
                0x080061c8       0xb8 ./Middlewares/FreeRTOS/tasks.o
                0x080061c8                vTaskPriorityDisinheritAfterTimeout
 .text.pvTaskIncrementMutexHeldCount
                0x08006280       0x18 ./Middlewares/FreeRTOS/tasks.o
                0x08006280                pvTaskIncrementMutexHeldCount
 .text.prvInsertBlockIntoFreeList
                0x08006298       0x48 ./Middlewares/FreeRTOS/portable/heap_4.o
 .text.pvPortMalloc
                0x080062e0      0x10c ./Middlewares/FreeRTOS/portable/heap_4.o
                0x080062e0                pvPortMalloc
 .text.vPortFree
                0x080063ec       0x70 ./Middlewares/FreeRTOS/portable/heap_4.o
                0x080063ec                vPortFree
 .text.prvPortStartFirstTask
                0x0800645c       0x28 ./Middlewares/FreeRTOS/portable/port.o
 .text.vPortEnableVFP
                0x08006484       0x14 ./Middlewares/FreeRTOS/portable/port.o
 .text.prvTaskExitError
                0x08006498       0x48 ./Middlewares/FreeRTOS/portable/port.o
 .text.pxPortInitialiseStack
                0x080064e0       0x24 ./Middlewares/FreeRTOS/portable/port.o
                0x080064e0                pxPortInitialiseStack
 *fill*         0x08006504        0xc 
 .text.SVC_Handler
                0x08006510       0x24 ./Middlewares/FreeRTOS/portable/port.o
                0x08006510                SVC_Handler
 .text.vPortEnterCritical
                0x08006534       0x48 ./Middlewares/FreeRTOS/portable/port.o
                0x08006534                vPortEnterCritical
 .text.vPortExitCritical
                0x0800657c       0x2c ./Middlewares/FreeRTOS/portable/port.o
                0x0800657c                vPortExitCritical
 *fill*         0x080065a8        0x8 
 .text.PendSV_Handler
                0x080065b0       0x64 ./Middlewares/FreeRTOS/portable/port.o
                0x080065b0                PendSV_Handler
 .text.xPortSysTickHandler
                0x08006614       0x30 ./Middlewares/FreeRTOS/portable/port.o
                0x08006614                xPortSysTickHandler
 .text.vPortSetupTimerInterrupt
                0x08006644       0x24 ./Middlewares/FreeRTOS/portable/port.o
                0x08006644                vPortSetupTimerInterrupt
 .text.xPortStartScheduler
                0x08006668       0xc0 ./Middlewares/FreeRTOS/portable/port.o
                0x08006668                xPortStartScheduler
 .text.vPortValidateInterruptPriority
                0x08006728       0x5c ./Middlewares/FreeRTOS/portable/port.o
                0x08006728                vPortValidateInterruptPriority
 .text.__libc_init_array
                0x08006784       0x48 C:/ST/STM32CubeIDE_1.16.1/STM32CubeIDE/plugins/com.st.stm32cube.ide.mcu.externaltools.gnu-tools-for-stm32.13.3.rel1.win32_1.0.0.202411081344/tools/bin/../lib/gcc/arm-none-eabi/13.3.1/../../../../arm-none-eabi/lib/thumb/v7e-m+fp/hard\libc_nano.a(libc_a-init.o)
                0x08006784                __libc_init_array
 .text.memcpy   0x080067cc       0x1c C:/ST/STM32CubeIDE_1.16.1/STM32CubeIDE/plugins/com.st.stm32cube.ide.mcu.externaltools.gnu-tools-for-stm32.13.3.rel1.win32_1.0.0.202411081344/tools/bin/../lib/gcc/arm-none-eabi/13.3.1/../../../../arm-none-eabi/lib/thumb/v7e-m+fp/hard\libc_nano.a(libc_a-memcpy-stub.o)
                0x080067cc                memcpy
 *(.glue_7)
 .glue_7        0x080067e8        0x0 linker stubs
 *(.glue_7t)
 .glue_7t       0x080067e8        0x0 linker stubs
 *(.eh_frame)
 .eh_frame      0x080067e8        0x0 C:/ST/STM32CubeIDE_1.16.1/STM32CubeIDE/plugins/com.st.stm32cube.ide.mcu.externaltools.gnu-tools-for-stm32.13.3.rel1.win32_1.0.0.202411081344/tools/bin/../lib/gcc/arm-none-eabi/13.3.1/thumb/v7e-m+fp/hard/crtbegin.o
 *(.init)
 .init          0x080067e8        0x4 C:/ST/STM32CubeIDE_1.16.1/STM32CubeIDE/plugins/com.st.stm32cube.ide.mcu.externaltools.gnu-tools-for-stm32.13.3.rel1.win32_1.0.0.202411081344/tools/bin/../lib/gcc/arm-none-eabi/13.3.1/thumb/v7e-m+fp/hard/crti.o
                0x080067e8                _init
 .init          0x080067ec        0x8 C:/ST/STM32CubeIDE_1.16.1/STM32CubeIDE/plugins/com.st.stm32cube.ide.mcu.externaltools.gnu-tools-for-stm32.13.3.rel1.win32_1.0.0.202411081344/tools/bin/../lib/gcc/arm-none-eabi/13.3.1/thumb/v7e-m+fp/hard/crtn.o
 *(.fini)
 .fini          0x080067f4        0x4 C:/ST/STM32CubeIDE_1.16.1/STM32CubeIDE/plugins/com.st.stm32cube.ide.mcu.externaltools.gnu-tools-for-stm32.13.3.rel1.win32_1.0.0.202411081344/tools/bin/../lib/gcc/arm-none-eabi/13.3.1/thumb/v7e-m+fp/hard/crti.o
                0x080067f4                _fini
 .fini          0x080067f8        0x8 C:/ST/STM32CubeIDE_1.16.1/STM32CubeIDE/plugins/com.st.stm32cube.ide.mcu.externaltools.gnu-tools-for-stm32.13.3.rel1.win32_1.0.0.202411081344/tools/bin/../lib/gcc/arm-none-eabi/13.3.1/thumb/v7e-m+fp/hard/crtn.o
                0x08006800                        . = ALIGN (0x4)
                0x08006800                        _etext = .

.vfp11_veneer   0x08006800        0x0
 .vfp11_veneer  0x08006800        0x0 linker stubs

.v4_bx          0x08006800        0x0
 .v4_bx         0x08006800        0x0 linker stubs

.iplt           0x08006800        0x0
 .iplt          0x08006800        0x0 C:/ST/STM32CubeIDE_1.16.1/STM32CubeIDE/plugins/com.st.stm32cube.ide.mcu.externaltools.gnu-tools-for-stm32.13.3.rel1.win32_1.0.0.202411081344/tools/bin/../lib/gcc/arm-none-eabi/13.3.1/thumb/v7e-m+fp/hard/crtbegin.o

.rodata         0x08006800      0x528
                0x08006800                        . = ALIGN (0x4)
 *(.rodata)
 .rodata        0x08006800       0x14 ./Application/User/main.o
 .rodata        0x08006814       0x18 ./Drivers/CMSIS/system_stm32f7xx.o
                0x08006814                AHBPrescTable
                0x08006824                APBPrescTable
 .rodata        0x0800682c        0x8 ./Drivers/STM32F7xx_HAL_Driver/stm32f7xx_hal_dma.o
 .rodata        0x08006834       0xaa ./Middlewares/FatFs/Core/ff.o
 *fill*         0x080068de        0x2 
 .rodata        0x080068e0       0x1c ./Middlewares/FatFs/Drivers/sd_diskio_dma_rtos.o
                0x080068e8                SD_Driver
 .rodata        0x080068fc      0x3ae ./Middlewares/FatFs/Options/unicode.o
 *(.rodata*)
 .rodata.str1.1
                0x08006caa       0x7e ./Application/User/main.o
                                 0x35 (size before relaxing)
 .rodata.str1.1
                0x08006d28       0x44 ./Middlewares/FatFs/Core/ff.o
 .rodata.str1.1
                0x08006d28        0x5 ./Middlewares/FreeRTOS/tasks.o
                0x08006d6c                        . = ALIGN (0x4)

.ARM.extab
 *(.ARM.extab* .gnu.linkonce.armextab.*)

.ARM            0x08006d28        0x8
                0x08006d28                        __exidx_start = .
 *(.ARM.exidx*)
 .ARM.exidx     0x08006d28        0x8 C:/ST/STM32CubeIDE_1.16.1/STM32CubeIDE/plugins/com.st.stm32cube.ide.mcu.externaltools.gnu-tools-for-stm32.13.3.rel1.win32_1.0.0.202411081344/tools/bin/../lib/gcc/arm-none-eabi/13.3.1/thumb/v7e-m+fp/hard\libgcc.a(_udivmoddi4.o)
                0x08006d30                        __exidx_end = .

.rel.dyn        0x08006d30        0x0
 .rel.iplt      0x08006d30        0x0 C:/ST/STM32CubeIDE_1.16.1/STM32CubeIDE/plugins/com.st.stm32cube.ide.mcu.externaltools.gnu-tools-for-stm32.13.3.rel1.win32_1.0.0.202411081344/tools/bin/../lib/gcc/arm-none-eabi/13.3.1/thumb/v7e-m+fp/hard/crtbegin.o

.preinit_array  0x08006d30        0x0
                0x08006d30                        PROVIDE (__preinit_array_start = .)
 *(.preinit_array*)
                0x08006d30                        PROVIDE (__preinit_array_end = .)

.init_array     0x08006d30        0x4
                0x08006d30                        PROVIDE (__init_array_start = .)
 *(SORT_BY_NAME(.init_array.*))
 *(.init_array*)
 .init_array    0x08006d30        0x4 C:/ST/STM32CubeIDE_1.16.1/STM32CubeIDE/plugins/com.st.stm32cube.ide.mcu.externaltools.gnu-tools-for-stm32.13.3.rel1.win32_1.0.0.202411081344/tools/bin/../lib/gcc/arm-none-eabi/13.3.1/thumb/v7e-m+fp/hard/crtbegin.o
                0x08006d34                        PROVIDE (__init_array_end = .)

.fini_array     0x08006d34        0x4
                [!provide]                        PROVIDE (__fini_array_start = .)
 *(SORT_BY_NAME(.fini_array.*))
 *(.fini_array*)
 .fini_array    0x08006d34        0x4 C:/ST/STM32CubeIDE_1.16.1/STM32CubeIDE/plugins/com.st.stm32cube.ide.mcu.externaltools.gnu-tools-for-stm32.13.3.rel1.win32_1.0.0.202411081344/tools/bin/../lib/gcc/arm-none-eabi/13.3.1/thumb/v7e-m+fp/hard/crtbegin.o
                [!provide]                        PROVIDE (__fini_array_end = .)
                0x08006d38                        _sidata = LOADADDR (.data)

.data           0x20000000       0x14 load address 0x08006d38
                0x20000000                        . = ALIGN (0x4)
                0x20000000                        _sdata = .
 *(.data)
 .data          0x20000000        0x4 ./Drivers/CMSIS/system_stm32f7xx.o
                0x20000000                SystemCoreClock
 .data          0x20000004        0x8 ./Drivers/STM32F7xx_HAL_Driver/stm32f7xx_hal.o
                0x20000004                uwTickFreq
                0x20000008                uwTickPrio
 .data          0x2000000c        0x1 ./Middlewares/FatFs/Drivers/sd_diskio_dma_rtos.o
 *fill*         0x2000000d        0x3 
 .data          0x20000010        0x4 ./Middlewares/FreeRTOS/portable/port.o
 *(.data*)
                0x20000014                        . = ALIGN (0x4)
                0x20000014                        _edata = .

.igot.plt       0x20000014        0x0 load address 0x08006d4c
 .igot.plt      0x20000014        0x0 C:/ST/STM32CubeIDE_1.16.1/STM32CubeIDE/plugins/com.st.stm32cube.ide.mcu.externaltools.gnu-tools-for-stm32.13.3.rel1.win32_1.0.0.202411081344/tools/bin/../lib/gcc/arm-none-eabi/13.3.1/thumb/v7e-m+fp/hard/crtbegin.o
                0x20000014                        . = ALIGN (0x4)

.bss            0x20000014     0x24a8 load address 0x08006d4c
                0x20000014                        _sbss = .
                0x20000014                        __bss_start__ = _sbss
 *(.bss)
 .bss           0x20000014       0x1c C:/ST/STM32CubeIDE_1.16.1/STM32CubeIDE/plugins/com.st.stm32cube.ide.mcu.externaltools.gnu-tools-for-stm32.13.3.rel1.win32_1.0.0.202411081344/tools/bin/../lib/gcc/arm-none-eabi/13.3.1/thumb/v7e-m+fp/hard/crtbegin.o
 .bss           0x20000030      0x86c ./Application/User/main.o
                0x20000030                SDPath
                0x20000034                SDFatFs
                0x2000026c                workBuffer
                0x2000066c                MyFile
 .bss           0x2000089c       0x4c ./Application/User/stm32f7xx_hal_timebase_tim.o
                0x2000089c                TimHandle
 .bss           0x200008e8      0x204 ./Drivers/BSP/STM32746G_Discovery/stm32746g_discovery_sd.o
                0x200008e8                uSdHandle
 .bss           0x20000aec        0x4 ./Drivers/STM32F7xx_HAL_Driver/stm32f7xx_hal.o
                0x20000aec                uwTick
 .bss           0x20000af0       0x2a ./Middlewares/FatFs/Core/ff.o
 *fill*         0x20000b1a        0x2 
 .bss           0x20000b1c       0x10 ./Middlewares/FatFs/Core/ff_gen_drv.o
                0x20000b1c                disk
 .bss           0x20000b2c        0x4 ./Middlewares/FatFs/Drivers/sd_diskio_dma_rtos.o
 .bss           0x20000b30       0x40 ./Middlewares/FreeRTOS/queue.o
                0x20000b30                xQueueRegistry
 .bss           0x20000b70      0x12c ./Middlewares/FreeRTOS/tasks.o
                0x20000b74                pxCurrentTCB
 .bss           0x20000c9c     0x1818 ./Middlewares/FreeRTOS/portable/heap_4.o
 .bss           0x200024b4        0x8 ./Middlewares/FreeRTOS/portable/port.o
 *(.bss*)
 *(COMMON)
                0x200024bc                        . = ALIGN (0x4)
                0x200024bc                        _ebss = .
                0x200024bc                        __bss_end__ = _ebss

._user_heap_stack
                0x200024bc      0xa04 load address 0x08006d4c
                0x200024c0                        . = ALIGN (0x8)
 *fill*         0x200024bc        0x4 
                0x200024c0                        PROVIDE (end = .)
                [!provide]                        PROVIDE (_end = .)
                0x200028c0                        . = (. + _Min_Heap_Size)
 *fill*         0x200024c0      0x400 
                0x20002ec0                        . = (. + _Min_Stack_Size)
 *fill*         0x200028c0      0x600 
                0x20002ec0                        . = ALIGN (0x8)

/DISCARD/
 libc.a(*)
 libm.a(*)
 libgcc.a(*)

.ARM.attributes
                0x00000000       0x30
 *(.ARM.attributes)
 .ARM.attributes
                0x00000000       0x22 C:/ST/STM32CubeIDE_1.16.1/STM32CubeIDE/plugins/com.st.stm32cube.ide.mcu.externaltools.gnu-tools-for-stm32.13.3.rel1.win32_1.0.0.202411081344/tools/bin/../lib/gcc/arm-none-eabi/13.3.1/thumb/v7e-m+fp/hard/crti.o
 .ARM.attributes
                0x00000022       0x34 C:/ST/STM32CubeIDE_1.16.1/STM32CubeIDE/plugins/com.st.stm32cube.ide.mcu.externaltools.gnu-tools-for-stm32.13.3.rel1.win32_1.0.0.202411081344/tools/bin/../lib/gcc/arm-none-eabi/13.3.1/thumb/v7e-m+fp/hard/crtbegin.o
 .ARM.attributes
                0x00000056       0x21 ./Application/SW4STM32/startup_stm32f746xx.o
 .ARM.attributes
                0x00000077       0x34 ./Application/User/main.o
 .ARM.attributes
                0x000000ab       0x34 ./Application/User/stm32f7xx_hal_timebase_tim.o
 .ARM.attributes
                0x000000df       0x34 ./Application/User/stm32f7xx_it.o
 .ARM.attributes
                0x00000113       0x34 ./Drivers/BSP/STM32746G_Discovery/stm32746g_discovery.o
 .ARM.attributes
                0x00000147       0x34 ./Drivers/BSP/STM32746G_Discovery/stm32746g_discovery_sd.o
 .ARM.attributes
                0x0000017b       0x34 ./Drivers/CMSIS/system_stm32f7xx.o
 .ARM.attributes
                0x000001af       0x34 ./Drivers/STM32F7xx_HAL_Driver/stm32f7xx_hal.o
 .ARM.attributes
                0x000001e3       0x34 ./Drivers/STM32F7xx_HAL_Driver/stm32f7xx_hal_cortex.o
 .ARM.attributes
                0x00000217       0x34 ./Drivers/STM32F7xx_HAL_Driver/stm32f7xx_hal_dma.o
 .ARM.attributes
                0x0000024b       0x34 ./Drivers/STM32F7xx_HAL_Driver/stm32f7xx_hal_gpio.o
 .ARM.attributes
                0x0000027f       0x34 ./Drivers/STM32F7xx_HAL_Driver/stm32f7xx_hal_pwr_ex.o
 .ARM.attributes
                0x000002b3       0x34 ./Drivers/STM32F7xx_HAL_Driver/stm32f7xx_hal_rcc.o
 .ARM.attributes
                0x000002e7       0x34 ./Drivers/STM32F7xx_HAL_Driver/stm32f7xx_hal_sd.o
 .ARM.attributes
                0x0000031b       0x34 ./Drivers/STM32F7xx_HAL_Driver/stm32f7xx_hal_tim.o
 .ARM.attributes
                0x0000034f       0x34 ./Drivers/STM32F7xx_HAL_Driver/stm32f7xx_hal_tim_ex.o
 .ARM.attributes
                0x00000383       0x34 ./Drivers/STM32F7xx_HAL_Driver/stm32f7xx_ll_sdmmc.o
 .ARM.attributes
                0x000003b7       0x34 ./Middlewares/FatFs/Core/diskio.o
 .ARM.attributes
                0x000003eb       0x34 ./Middlewares/FatFs/Core/ff.o
 .ARM.attributes
                0x0000041f       0x34 ./Middlewares/FatFs/Core/ff_gen_drv.o
 .ARM.attributes
                0x00000453       0x34 ./Middlewares/FatFs/Drivers/sd_diskio_dma_rtos.o
 .ARM.attributes
                0x00000487       0x34 ./Middlewares/FatFs/Options/syscall.o
 .ARM.attributes
                0x000004bb       0x34 ./Middlewares/FatFs/Options/unicode.o
 .ARM.attributes
                0x000004ef       0x34 ./Middlewares/FreeRTOS/CMSIS_RTOS/cmsis_os.o
 .ARM.attributes
                0x00000523       0x34 ./Middlewares/FreeRTOS/list.o
 .ARM.attributes
                0x00000557       0x34 ./Middlewares/FreeRTOS/queue.o
 .ARM.attributes
                0x0000058b       0x34 ./Middlewares/FreeRTOS/tasks.o
 .ARM.attributes
                0x000005bf       0x34 ./Middlewares/FreeRTOS/portable/heap_4.o
 .ARM.attributes
                0x000005f3       0x34 ./Middlewares/FreeRTOS/portable/port.o
 .ARM.attributes
                0x00000627       0x34 C:/ST/STM32CubeIDE_1.16.1/STM32CubeIDE/plugins/com.st.stm32cube.ide.mcu.externaltools.gnu-tools-for-stm32.13.3.rel1.win32_1.0.0.202411081344/tools/bin/../lib/gcc/arm-none-eabi/13.3.1/../../../../arm-none-eabi/lib/thumb/v7e-m+fp/hard\libc_nano.a(libc_a-init.o)
 .ARM.attributes
                0x0000065b       0x34 C:/ST/STM32CubeIDE_1.16.1/STM32CubeIDE/plugins/com.st.stm32cube.ide.mcu.externaltools.gnu-tools-for-stm32.13.3.rel1.win32_1.0.0.202411081344/tools/bin/../lib/gcc/arm-none-eabi/13.3.1/../../../../arm-none-eabi/lib/thumb/v7e-m+fp/hard\libc_nano.a(libc_a-memcpy-stub.o)
 .ARM.attributes
                0x0000068f       0x22 C:/ST/STM32CubeIDE_1.16.1/STM32CubeIDE/plugins/com.st.stm32cube.ide.mcu.externaltools.gnu-tools-for-stm32.13.3.rel1.win32_1.0.0.202411081344/tools/bin/../lib/gcc/arm-none-eabi/13.3.1/thumb/v7e-m+fp/hard\libgcc.a(_aeabi_uldivmod.o)
 .ARM.attributes
                0x000006b1       0x34 C:/ST/STM32CubeIDE_1.16.1/STM32CubeIDE/plugins/com.st.stm32cube.ide.mcu.externaltools.gnu-tools-for-stm32.13.3.rel1.win32_1.0.0.202411081344/tools/bin/../lib/gcc/arm-none-eabi/13.3.1/thumb/v7e-m+fp/hard\libgcc.a(_udivmoddi4.o)
 .ARM.attributes
                0x000006e5       0x22 C:/ST/STM32CubeIDE_1.16.1/STM32CubeIDE/plugins/com.st.stm32cube.ide.mcu.externaltools.gnu-tools-for-stm32.13.3.rel1.win32_1.0.0.202411081344/tools/bin/../lib/gcc/arm-none-eabi/13.3.1/thumb/v7e-m+fp/hard\libgcc.a(_dvmd_tls.o)
 .ARM.attributes
                0x00000707       0x22 C:/ST/STM32CubeIDE_1.16.1/STM32CubeIDE/plugins/com.st.stm32cube.ide.mcu.externaltools.gnu-tools-for-stm32.13.3.rel1.win32_1.0.0.202411081344/tools/bin/../lib/gcc/arm-none-eabi/13.3.1/thumb/v7e-m+fp/hard/crtn.o
OUTPUT(FatFs_uSD_RTOS.elf elf32-littlearm)
LOAD linker stubs
LOAD C:/ST/STM32CubeIDE_1.16.1/STM32CubeIDE/plugins/com.st.stm32cube.ide.mcu.externaltools.gnu-tools-for-stm32.13.3.rel1.win32_1.0.0.202411081344/tools/bin/../lib/gcc/arm-none-eabi/13.3.1/../../../../arm-none-eabi/lib/thumb/v7e-m+fp/hard\libc.a
LOAD C:/ST/STM32CubeIDE_1.16.1/STM32CubeIDE/plugins/com.st.stm32cube.ide.mcu.externaltools.gnu-tools-for-stm32.13.3.rel1.win32_1.0.0.202411081344/tools/bin/../lib/gcc/arm-none-eabi/13.3.1/../../../../arm-none-eabi/lib/thumb/v7e-m+fp/hard\libm.a
LOAD C:/ST/STM32CubeIDE_1.16.1/STM32CubeIDE/plugins/com.st.stm32cube.ide.mcu.externaltools.gnu-tools-for-stm32.13.3.rel1.win32_1.0.0.202411081344/tools/bin/../lib/gcc/arm-none-eabi/13.3.1/thumb/v7e-m+fp/hard\libgcc.a

.debug_line     0x00000000    0x24fcd
 .debug_line    0x00000000       0x77 ./Application/SW4STM32/startup_stm32f746xx.o
 .debug_line    0x00000077      0xe8d ./Application/User/main.o
 .debug_line    0x00000f04      0xa01 ./Application/User/stm32f7xx_hal_timebase_tim.o
 .debug_line    0x00001905      0xc4e ./Application/User/stm32f7xx_it.o
 .debug_line    0x00002553     0x109d ./Drivers/BSP/STM32746G_Discovery/stm32746g_discovery.o
 .debug_line    0x000035f0      0xde6 ./Drivers/BSP/STM32746G_Discovery/stm32746g_discovery_sd.o
 .debug_line    0x000043d6      0x9e9 ./Drivers/CMSIS/system_stm32f7xx.o
 .debug_line    0x00004dbf      0xcd8 ./Drivers/STM32F7xx_HAL_Driver/stm32f7xx_hal.o
 .debug_line    0x00005a97      0xf65 ./Drivers/STM32F7xx_HAL_Driver/stm32f7xx_hal_cortex.o
 .debug_line    0x000069fc     0x1483 ./Drivers/STM32F7xx_HAL_Driver/stm32f7xx_hal_dma.o
 .debug_line    0x00007e7f      0xe6d ./Drivers/STM32F7xx_HAL_Driver/stm32f7xx_hal_gpio.o
 .debug_line    0x00008cec      0xd66 ./Drivers/STM32F7xx_HAL_Driver/stm32f7xx_hal_pwr_ex.o
 .debug_line    0x00009a52     0x1490 ./Drivers/STM32F7xx_HAL_Driver/stm32f7xx_hal_rcc.o
 .debug_line    0x0000aee2     0x2ad6 ./Drivers/STM32F7xx_HAL_Driver/stm32f7xx_hal_sd.o
 .debug_line    0x0000d9b8     0x4b48 ./Drivers/STM32F7xx_HAL_Driver/stm32f7xx_hal_tim.o
 .debug_line    0x00012500     0x1cbb ./Drivers/STM32F7xx_HAL_Driver/stm32f7xx_hal_tim_ex.o
 .debug_line    0x000141bb     0x1848 ./Drivers/STM32F7xx_HAL_Driver/stm32f7xx_ll_sdmmc.o
 .debug_line    0x00015a03      0x751 ./Middlewares/FatFs/Core/diskio.o
 .debug_line    0x00016154     0x5251 ./Middlewares/FatFs/Core/ff.o
 .debug_line    0x0001b3a5      0x784 ./Middlewares/FatFs/Core/ff_gen_drv.o
 .debug_line    0x0001bb29      0xde7 ./Middlewares/FatFs/Drivers/sd_diskio_dma_rtos.o
 .debug_line    0x0001c910      0x793 ./Middlewares/FatFs/Options/syscall.o
 .debug_line    0x0001d0a3      0x83c ./Middlewares/FatFs/Options/unicode.o
 .debug_line    0x0001d8df     0x1764 ./Middlewares/FreeRTOS/CMSIS_RTOS/cmsis_os.o
 .debug_line    0x0001f043      0x87e ./Middlewares/FreeRTOS/list.o
 .debug_line    0x0001f8c1     0x1e06 ./Middlewares/FreeRTOS/queue.o
 .debug_line    0x000216c7     0x2402 ./Middlewares/FreeRTOS/tasks.o
 .debug_line    0x00023ac9      0xae0 ./Middlewares/FreeRTOS/portable/heap_4.o
 .debug_line    0x000245a9      0xa24 ./Middlewares/FreeRTOS/portable/port.o

.debug_line_str
                0x00000000       0xf4
 .debug_line_str
                0x00000000       0xf4 ./Application/SW4STM32/startup_stm32f746xx.o

.debug_info     0x00000000    0x2316d
 .debug_info    0x00000000       0x30 ./Application/SW4STM32/startup_stm32f746xx.o
 .debug_info    0x00000030     0x1400 ./Application/User/main.o
 .debug_info    0x00001430      0xdbe ./Application/User/stm32f7xx_hal_timebase_tim.o
 .debug_info    0x000021ee      0x772 ./Application/User/stm32f7xx_it.o
 .debug_info    0x00002960     0x23c7 ./Drivers/BSP/STM32746G_Discovery/stm32746g_discovery.o
 .debug_info    0x00004d27     0x16fa ./Drivers/BSP/STM32746G_Discovery/stm32746g_discovery_sd.o
 .debug_info    0x00006421      0x706 ./Drivers/CMSIS/system_stm32f7xx.o
 .debug_info    0x00006b27      0xb27 ./Drivers/STM32F7xx_HAL_Driver/stm32f7xx_hal.o
 .debug_info    0x0000764e     0x1205 ./Drivers/STM32F7xx_HAL_Driver/stm32f7xx_hal_cortex.o
 .debug_info    0x00008853      0xaeb ./Drivers/STM32F7xx_HAL_Driver/stm32f7xx_hal_dma.o
 .debug_info    0x0000933e      0x736 ./Drivers/STM32F7xx_HAL_Driver/stm32f7xx_hal_gpio.o
 .debug_info    0x00009a74      0x9aa ./Drivers/STM32F7xx_HAL_Driver/stm32f7xx_hal_pwr_ex.o
 .debug_info    0x0000a41e      0xb77 ./Drivers/STM32F7xx_HAL_Driver/stm32f7xx_hal_rcc.o
 .debug_info    0x0000af95     0x2699 ./Drivers/STM32F7xx_HAL_Driver/stm32f7xx_hal_sd.o
 .debug_info    0x0000d62e     0x4300 ./Drivers/STM32F7xx_HAL_Driver/stm32f7xx_hal_tim.o
 .debug_info    0x0001192e     0x19c6 ./Drivers/STM32F7xx_HAL_Driver/stm32f7xx_hal_tim_ex.o
 .debug_info    0x000132f4     0x1aa6 ./Drivers/STM32F7xx_HAL_Driver/stm32f7xx_ll_sdmmc.o
 .debug_info    0x00014d9a      0x492 ./Middlewares/FatFs/Core/diskio.o
 .debug_info    0x0001522c     0x5477 ./Middlewares/FatFs/Core/ff.o
 .debug_info    0x0001a6a3      0x4aa ./Middlewares/FatFs/Core/ff_gen_drv.o
 .debug_info    0x0001ab4d      0x965 ./Middlewares/FatFs/Drivers/sd_diskio_dma_rtos.o
 .debug_info    0x0001b4b2      0x41a ./Middlewares/FatFs/Options/syscall.o
 .debug_info    0x0001b8cc      0x1e1 ./Middlewares/FatFs/Options/unicode.o
 .debug_info    0x0001baad     0x22a2 ./Middlewares/FreeRTOS/CMSIS_RTOS/cmsis_os.o
 .debug_info    0x0001dd4f      0x2c3 ./Middlewares/FreeRTOS/list.o
 .debug_info    0x0001e012     0x2260 ./Middlewares/FreeRTOS/queue.o
 .debug_info    0x00020272     0x24d5 ./Middlewares/FreeRTOS/tasks.o
 .debug_info    0x00022747      0x4da ./Middlewares/FreeRTOS/portable/heap_4.o
 .debug_info    0x00022c21      0x54c ./Middlewares/FreeRTOS/portable/port.o

.debug_abbrev   0x00000000     0x5052
 .debug_abbrev  0x00000000       0x24 ./Application/SW4STM32/startup_stm32f746xx.o
 .debug_abbrev  0x00000024      0x3d3 ./Application/User/main.o
 .debug_abbrev  0x000003f7      0x25f ./Application/User/stm32f7xx_hal_timebase_tim.o
 .debug_abbrev  0x00000656      0x1da ./Application/User/stm32f7xx_it.o
 .debug_abbrev  0x00000830      0x476 ./Drivers/BSP/STM32746G_Discovery/stm32746g_discovery.o
 .debug_abbrev  0x00000ca6      0x2eb ./Drivers/BSP/STM32746G_Discovery/stm32746g_discovery_sd.o
 .debug_abbrev  0x00000f91      0x141 ./Drivers/CMSIS/system_stm32f7xx.o
 .debug_abbrev  0x000010d2      0x284 ./Drivers/STM32F7xx_HAL_Driver/stm32f7xx_hal.o
 .debug_abbrev  0x00001356      0x386 ./Drivers/STM32F7xx_HAL_Driver/stm32f7xx_hal_cortex.o
 .debug_abbrev  0x000016dc      0x341 ./Drivers/STM32F7xx_HAL_Driver/stm32f7xx_hal_dma.o
 .debug_abbrev  0x00001a1d      0x20b ./Drivers/STM32F7xx_HAL_Driver/stm32f7xx_hal_gpio.o
 .debug_abbrev  0x00001c28      0x1ef ./Drivers/STM32F7xx_HAL_Driver/stm32f7xx_hal_pwr_ex.o
 .debug_abbrev  0x00001e17      0x313 ./Drivers/STM32F7xx_HAL_Driver/stm32f7xx_hal_rcc.o
 .debug_abbrev  0x0000212a      0x3b4 ./Drivers/STM32F7xx_HAL_Driver/stm32f7xx_hal_sd.o
 .debug_abbrev  0x000024de      0x381 ./Drivers/STM32F7xx_HAL_Driver/stm32f7xx_hal_tim.o
 .debug_abbrev  0x0000285f      0x2eb ./Drivers/STM32F7xx_HAL_Driver/stm32f7xx_hal_tim_ex.o
 .debug_abbrev  0x00002b4a      0x32e ./Drivers/STM32F7xx_HAL_Driver/stm32f7xx_ll_sdmmc.o
 .debug_abbrev  0x00002e78      0x1be ./Middlewares/FatFs/Core/diskio.o
 .debug_abbrev  0x00003036      0x427 ./Middlewares/FatFs/Core/ff.o
 .debug_abbrev  0x0000345d      0x238 ./Middlewares/FatFs/Core/ff_gen_drv.o
 .debug_abbrev  0x00003695      0x37f ./Middlewares/FatFs/Drivers/sd_diskio_dma_rtos.o
 .debug_abbrev  0x00003a14      0x1a5 ./Middlewares/FatFs/Options/syscall.o
 .debug_abbrev  0x00003bb9       0xe4 ./Middlewares/FatFs/Options/unicode.o
 .debug_abbrev  0x00003c9d      0x481 ./Middlewares/FreeRTOS/CMSIS_RTOS/cmsis_os.o
 .debug_abbrev  0x0000411e      0x10c ./Middlewares/FreeRTOS/list.o
 .debug_abbrev  0x0000422a      0x444 ./Middlewares/FreeRTOS/queue.o
 .debug_abbrev  0x0000466e      0x494 ./Middlewares/FreeRTOS/tasks.o
 .debug_abbrev  0x00004b02      0x288 ./Middlewares/FreeRTOS/portable/heap_4.o
 .debug_abbrev  0x00004d8a      0x2c8 ./Middlewares/FreeRTOS/portable/port.o

.debug_aranges  0x00000000     0x1670
 .debug_aranges
                0x00000000       0x28 ./Application/SW4STM32/startup_stm32f746xx.o
 .debug_aranges
                0x00000028       0x30 ./Application/User/main.o
 .debug_aranges
                0x00000058       0x40 ./Application/User/stm32f7xx_hal_timebase_tim.o
 .debug_aranges
                0x00000098       0x68 ./Application/User/stm32f7xx_it.o
 .debug_aranges
                0x00000100      0x110 ./Drivers/BSP/STM32746G_Discovery/stm32746g_discovery.o
 .debug_aranges
                0x00000210       0xb8 ./Drivers/BSP/STM32746G_Discovery/stm32746g_discovery_sd.o
 .debug_aranges
                0x000002c8       0x28 ./Drivers/CMSIS/system_stm32f7xx.o
 .debug_aranges
                0x000002f0      0x100 ./Drivers/STM32F7xx_HAL_Driver/stm32f7xx_hal.o
 .debug_aranges
                0x000003f0       0xb8 ./Drivers/STM32F7xx_HAL_Driver/stm32f7xx_hal_cortex.o
 .debug_aranges
                0x000004a8       0x80 ./Drivers/STM32F7xx_HAL_Driver/stm32f7xx_hal_dma.o
 .debug_aranges
                0x00000528       0x58 ./Drivers/STM32F7xx_HAL_Driver/stm32f7xx_hal_gpio.o
 .debug_aranges
                0x00000580       0x80 ./Drivers/STM32F7xx_HAL_Driver/stm32f7xx_hal_pwr_ex.o
 .debug_aranges
                0x00000600       0x88 ./Drivers/STM32F7xx_HAL_Driver/stm32f7xx_hal_rcc.o
 .debug_aranges
                0x00000688      0x120 ./Drivers/STM32F7xx_HAL_Driver/stm32f7xx_hal_sd.o
 .debug_aranges
                0x000007a8      0x3b0 ./Drivers/STM32F7xx_HAL_Driver/stm32f7xx_hal_tim.o
 .debug_aranges
                0x00000b58      0x178 ./Drivers/STM32F7xx_HAL_Driver/stm32f7xx_hal_tim_ex.o
 .debug_aranges
                0x00000cd0      0x180 ./Drivers/STM32F7xx_HAL_Driver/stm32f7xx_ll_sdmmc.o
 .debug_aranges
                0x00000e50       0x48 ./Middlewares/FatFs/Core/diskio.o
 .debug_aranges
                0x00000e98      0x1a8 ./Middlewares/FatFs/Core/ff.o
 .debug_aranges
                0x00001040       0x40 ./Middlewares/FatFs/Core/ff_gen_drv.o
 .debug_aranges
                0x00001080       0x50 ./Middlewares/FatFs/Drivers/sd_diskio_dma_rtos.o
 .debug_aranges
                0x000010d0       0x48 ./Middlewares/FatFs/Options/syscall.o
 .debug_aranges
                0x00001118       0x28 ./Middlewares/FatFs/Options/unicode.o
 .debug_aranges
                0x00001140      0x1c0 ./Middlewares/FreeRTOS/CMSIS_RTOS/cmsis_os.o
 .debug_aranges
                0x00001300       0x40 ./Middlewares/FreeRTOS/list.o
 .debug_aranges
                0x00001340       0xf0 ./Middlewares/FreeRTOS/queue.o
 .debug_aranges
                0x00001430      0x178 ./Middlewares/FreeRTOS/tasks.o
 .debug_aranges
                0x000015a8       0x48 ./Middlewares/FreeRTOS/portable/heap_4.o
 .debug_aranges
                0x000015f0       0x80 ./Middlewares/FreeRTOS/portable/port.o

.debug_str      0x00000000   0x10b372
 .debug_str     0x00000000   0x10b372 ./Application/SW4STM32/startup_stm32f746xx.o
                                0x110 (size before relaxing)
 .debug_str     0x0010b372    0xff723 ./Application/User/main.o
 .debug_str     0x0010b372    0xf8509 ./Application/User/stm32f7xx_hal_timebase_tim.o
 .debug_str     0x0010b372    0xff25c ./Application/User/stm32f7xx_it.o
 .debug_str     0x0010b372    0xf9d88 ./Drivers/BSP/STM32746G_Discovery/stm32746g_discovery.o
 .debug_str     0x0010b372    0xf9b37 ./Drivers/BSP/STM32746G_Discovery/stm32746g_discovery_sd.o
 .debug_str     0x0010b372    0xf79b1 ./Drivers/CMSIS/system_stm32f7xx.o
 .debug_str     0x0010b372    0xf8332 ./Drivers/STM32F7xx_HAL_Driver/stm32f7xx_hal.o
 .debug_str     0x0010b372    0xf8327 ./Drivers/STM32F7xx_HAL_Driver/stm32f7xx_hal_cortex.o
 .debug_str     0x0010b372    0xf7ce0 ./Drivers/STM32F7xx_HAL_Driver/stm32f7xx_hal_dma.o
 .debug_str     0x0010b372    0xf7a5f ./Drivers/STM32F7xx_HAL_Driver/stm32f7xx_hal_gpio.o
 .debug_str     0x0010b372    0xf7c10 ./Drivers/STM32F7xx_HAL_Driver/stm32f7xx_hal_pwr_ex.o
 .debug_str     0x0010b372    0xf7d14 ./Drivers/STM32F7xx_HAL_Driver/stm32f7xx_hal_rcc.o
 .debug_str     0x0010b372    0xf8630 ./Drivers/STM32F7xx_HAL_Driver/stm32f7xx_hal_sd.o
 .debug_str     0x0010b372    0xf8cc4 ./Drivers/STM32F7xx_HAL_Driver/stm32f7xx_hal_tim.o
 .debug_str     0x0010b372    0xf850a ./Drivers/STM32F7xx_HAL_Driver/stm32f7xx_hal_tim_ex.o
 .debug_str     0x0010b372    0xf7d55 ./Drivers/STM32F7xx_HAL_Driver/stm32f7xx_ll_sdmmc.o
 .debug_str     0x0010b372     0xa3d0 ./Middlewares/FatFs/Core/diskio.o
 .debug_str     0x0010b372     0xb676 ./Middlewares/FatFs/Core/ff.o
 .debug_str     0x0010b372     0xa404 ./Middlewares/FatFs/Core/ff_gen_drv.o
 .debug_str     0x0010b372    0xff16a ./Middlewares/FatFs/Drivers/sd_diskio_dma_rtos.o
 .debug_str     0x0010b372     0xa3ab ./Middlewares/FatFs/Options/syscall.o
 .debug_str     0x0010b372     0xa189 ./Middlewares/FatFs/Options/unicode.o
 .debug_str     0x0010b372     0xe363 ./Middlewares/FreeRTOS/CMSIS_RTOS/cmsis_os.o
 .debug_str     0x0010b372     0xacb6 ./Middlewares/FreeRTOS/list.o
 .debug_str     0x0010b372     0xc4f2 ./Middlewares/FreeRTOS/queue.o
 .debug_str     0x0010b372     0xce95 ./Middlewares/FreeRTOS/tasks.o
 .debug_str     0x0010b372     0xb4d3 ./Middlewares/FreeRTOS/portable/heap_4.o
 .debug_str     0x0010b372     0x87db ./Middlewares/FreeRTOS/portable/port.o

.debug_rnglists
                0x00000000     0x17fc
 .debug_rnglists
                0x00000000       0x19 ./Application/SW4STM32/startup_stm32f746xx.o
 .debug_rnglists
                0x00000019       0x2d ./Application/User/main.o
 .debug_rnglists
                0x00000046       0x38 ./Application/User/stm32f7xx_hal_timebase_tim.o
 .debug_rnglists
                0x0000007e       0x49 ./Application/User/stm32f7xx_it.o
 .debug_rnglists
                0x000000c7      0x142 ./Drivers/BSP/STM32746G_Discovery/stm32746g_discovery.o
 .debug_rnglists
                0x00000209       0xcb ./Drivers/BSP/STM32746G_Discovery/stm32746g_discovery_sd.o
 .debug_rnglists
                0x000002d4       0x19 ./Drivers/CMSIS/system_stm32f7xx.o
 .debug_rnglists
                0x000002ed       0xbb ./Drivers/STM32F7xx_HAL_Driver/stm32f7xx_hal.o
 .debug_rnglists
                0x000003a8       0xdf ./Drivers/STM32F7xx_HAL_Driver/stm32f7xx_hal_cortex.o
 .debug_rnglists
                0x00000487       0x85 ./Drivers/STM32F7xx_HAL_Driver/stm32f7xx_hal_dma.o
 .debug_rnglists
                0x0000050c       0x5c ./Drivers/STM32F7xx_HAL_Driver/stm32f7xx_hal_gpio.o
 .debug_rnglists
                0x00000568       0xa5 ./Drivers/STM32F7xx_HAL_Driver/stm32f7xx_hal_pwr_ex.o
 .debug_rnglists
                0x0000060d       0x90 ./Drivers/STM32F7xx_HAL_Driver/stm32f7xx_hal_rcc.o
 .debug_rnglists
                0x0000069d      0x152 ./Drivers/STM32F7xx_HAL_Driver/stm32f7xx_hal_sd.o
 .debug_rnglists
                0x000007ef      0x37d ./Drivers/STM32F7xx_HAL_Driver/stm32f7xx_hal_tim.o
 .debug_rnglists
                0x00000b6c      0x120 ./Drivers/STM32F7xx_HAL_Driver/stm32f7xx_hal_tim_ex.o
 .debug_rnglists
                0x00000c8c      0x142 ./Drivers/STM32F7xx_HAL_Driver/stm32f7xx_ll_sdmmc.o
 .debug_rnglists
                0x00000dce       0x31 ./Middlewares/FatFs/Core/diskio.o
 .debug_rnglists
                0x00000dff      0x3af ./Middlewares/FatFs/Core/ff.o
 .debug_rnglists
                0x000011ae       0x2b ./Middlewares/FatFs/Core/ff_gen_drv.o
 .debug_rnglists
                0x000011d9       0x43 ./Middlewares/FatFs/Drivers/sd_diskio_dma_rtos.o
 .debug_rnglists
                0x0000121c       0x31 ./Middlewares/FatFs/Options/syscall.o
 .debug_rnglists
                0x0000124d       0x1a ./Middlewares/FatFs/Options/unicode.o
 .debug_rnglists
                0x00001267      0x187 ./Middlewares/FreeRTOS/CMSIS_RTOS/cmsis_os.o
 .debug_rnglists
                0x000013ee       0x2b ./Middlewares/FreeRTOS/list.o
 .debug_rnglists
                0x00001419      0x17b ./Middlewares/FreeRTOS/queue.o
 .debug_rnglists
                0x00001594      0x1bf ./Middlewares/FreeRTOS/tasks.o
 .debug_rnglists
                0x00001753       0x32 ./Middlewares/FreeRTOS/portable/heap_4.o
 .debug_rnglists
                0x00001785       0x77 ./Middlewares/FreeRTOS/portable/port.o

.debug_loclists
                0x00000000    0x1026a
 .debug_loclists
                0x00000000       0x95 ./Application/User/main.o
 .debug_loclists
                0x00000095       0xbe ./Application/User/stm32f7xx_hal_timebase_tim.o
 .debug_loclists
                0x00000153      0x860 ./Drivers/BSP/STM32746G_Discovery/stm32746g_discovery.o
 .debug_loclists
                0x000009b3      0x3b3 ./Drivers/BSP/STM32746G_Discovery/stm32746g_discovery_sd.o
 .debug_loclists
                0x00000d66       0xc4 ./Drivers/CMSIS/system_stm32f7xx.o
 .debug_loclists
                0x00000e2a       0xd5 ./Drivers/STM32F7xx_HAL_Driver/stm32f7xx_hal.o
 .debug_loclists
                0x00000eff      0x4d9 ./Drivers/STM32F7xx_HAL_Driver/stm32f7xx_hal_cortex.o
 .debug_loclists
                0x000013d8      0x676 ./Drivers/STM32F7xx_HAL_Driver/stm32f7xx_hal_dma.o
 .debug_loclists
                0x00001a4e      0x28d ./Drivers/STM32F7xx_HAL_Driver/stm32f7xx_hal_gpio.o
 .debug_loclists
                0x00001cdb      0x1d1 ./Drivers/STM32F7xx_HAL_Driver/stm32f7xx_hal_pwr_ex.o
 .debug_loclists
                0x00001eac      0x3ca ./Drivers/STM32F7xx_HAL_Driver/stm32f7xx_hal_rcc.o
 .debug_loclists
                0x00002276     0x13f7 ./Drivers/STM32F7xx_HAL_Driver/stm32f7xx_hal_sd.o
 .debug_loclists
                0x0000366d     0x2f62 ./Drivers/STM32F7xx_HAL_Driver/stm32f7xx_hal_tim.o
 .debug_loclists
                0x000065cf      0xcde ./Drivers/STM32F7xx_HAL_Driver/stm32f7xx_hal_tim_ex.o
 .debug_loclists
                0x000072ad      0xf4e ./Drivers/STM32F7xx_HAL_Driver/stm32f7xx_ll_sdmmc.o
 .debug_loclists
                0x000081fb      0x19c ./Middlewares/FatFs/Core/diskio.o
 .debug_loclists
                0x00008397     0x4661 ./Middlewares/FatFs/Core/ff.o
 .debug_loclists
                0x0000c9f8      0x21f ./Middlewares/FatFs/Core/ff_gen_drv.o
 .debug_loclists
                0x0000cc17      0x2cb ./Middlewares/FatFs/Drivers/sd_diskio_dma_rtos.o
 .debug_loclists
                0x0000cee2      0x10d ./Middlewares/FatFs/Options/syscall.o
 .debug_loclists
                0x0000cfef      0x22c ./Middlewares/FatFs/Options/unicode.o
 .debug_loclists
                0x0000d21b      0xed2 ./Middlewares/FreeRTOS/CMSIS_RTOS/cmsis_os.o
 .debug_loclists
                0x0000e0ed       0x77 ./Middlewares/FreeRTOS/list.o
 .debug_loclists
                0x0000e164      0xd66 ./Middlewares/FreeRTOS/queue.o
 .debug_loclists
                0x0000eeca      0xfba ./Middlewares/FreeRTOS/tasks.o
 .debug_loclists
                0x0000fe84      0x36f ./Middlewares/FreeRTOS/portable/heap_4.o
 .debug_loclists
                0x000101f3       0x77 ./Middlewares/FreeRTOS/portable/port.o

.debug_macro    0x00000000    0x2a388
 .debug_macro   0x00000000      0x3a7 ./Application/User/main.o
 .debug_macro   0x000003a7      0x2ce ./Application/User/main.o
 .debug_macro   0x00000675       0x2e ./Application/User/main.o
 .debug_macro   0x000006a3       0x3b ./Application/User/main.o
 .debug_macro   0x000006de       0x8e ./Application/User/main.o
 .debug_macro   0x0000076c       0x51 ./Application/User/main.o
 .debug_macro   0x000007bd       0x1c ./Application/User/main.o
 .debug_macro   0x000007d9       0x22 ./Application/User/main.o
 .debug_macro   0x000007fb       0xd9 ./Application/User/main.o
 .debug_macro   0x000008d4     0x12cd ./Application/User/main.o
 .debug_macro   0x00001ba1      0x11f ./Application/User/main.o
 .debug_macro   0x00001cc0       0x19 ./Application/User/main.o
 .debug_macro   0x00001cd9    0x19222 ./Application/User/main.o
 .debug_macro   0x0001aefb       0x6d ./Application/User/main.o
 .debug_macro   0x0001af68     0x3765 ./Application/User/main.o
 .debug_macro   0x0001e6cd       0x63 ./Application/User/main.o
 .debug_macro   0x0001e730     0x18ad ./Application/User/main.o
 .debug_macro   0x0001ffdd      0x6c4 ./Application/User/main.o
 .debug_macro   0x000206a1      0x115 ./Application/User/main.o
 .debug_macro   0x000207b6      0x1fd ./Application/User/main.o
 .debug_macro   0x000209b3       0xa5 ./Application/User/main.o
 .debug_macro   0x00020a58      0x24f ./Application/User/main.o
 .debug_macro   0x00020ca7       0x41 ./Application/User/main.o
 .debug_macro   0x00020ce8       0x58 ./Application/User/main.o
 .debug_macro   0x00020d40      0x236 ./Application/User/main.o
 .debug_macro   0x00020f76      0x208 ./Application/User/main.o
 .debug_macro   0x0002117e      0x22c ./Application/User/main.o
 .debug_macro   0x000213aa      0x14e ./Application/User/main.o
 .debug_macro   0x000214f8      0x25a ./Application/User/main.o
 .debug_macro   0x00021752       0x12 ./Application/User/main.o
 .debug_macro   0x00021764      0x504 ./Application/User/main.o
 .debug_macro   0x00021c68       0x88 ./Application/User/main.o
 .debug_macro   0x00021cf0       0x11 ./Application/User/main.o
 .debug_macro   0x00021d01      0x22c ./Application/User/main.o
 .debug_macro   0x00021f2d       0x61 ./Application/User/main.o
 .debug_macro   0x00021f8e       0xa5 ./Application/User/main.o
 .debug_macro   0x00022033      0x1d8 ./Application/User/main.o
 .debug_macro   0x0002220b      0x198 ./Application/User/main.o
 .debug_macro   0x000223a3       0xd6 ./Application/User/main.o
 .debug_macro   0x00022479      0x12e ./Application/User/main.o
 .debug_macro   0x000225a7      0x108 ./Application/User/main.o
 .debug_macro   0x000226af       0x35 ./Application/User/main.o
 .debug_macro   0x000226e4      0x447 ./Application/User/main.o
 .debug_macro   0x00022b2b      0x773 ./Application/User/main.o
 .debug_macro   0x0002329e      0x1d5 ./Application/User/main.o
 .debug_macro   0x00023473      0xa83 ./Application/User/main.o
 .debug_macro   0x00023ef6       0x59 ./Application/User/main.o
 .debug_macro   0x00023f4f      0x56d ./Application/User/main.o
 .debug_macro   0x000244bc       0x44 ./Application/User/main.o
 .debug_macro   0x00024500      0x2cb ./Application/User/main.o
 .debug_macro   0x000247cb       0x98 ./Application/User/main.o
 .debug_macro   0x00024863      0x14d ./Application/User/main.o
 .debug_macro   0x000249b0      0x261 ./Application/User/main.o
 .debug_macro   0x00024c11       0x16 ./Application/User/main.o
 .debug_macro   0x00024c27       0x7c ./Application/User/main.o
 .debug_macro   0x00024ca3       0xdd ./Application/User/main.o
 .debug_macro   0x00024d80      0x110 ./Application/User/main.o
 .debug_macro   0x00024e90      0x15a ./Application/User/main.o
 .debug_macro   0x00024fea       0xe4 ./Application/User/main.o
 .debug_macro   0x000250ce       0x1c ./Application/User/main.o
 .debug_macro   0x000250ea       0x26 ./Application/User/main.o
 .debug_macro   0x00025110      0x4cc ./Application/User/main.o
 .debug_macro   0x000255dc       0xb5 ./Application/User/main.o
 .debug_macro   0x00025691       0xaa ./Application/User/main.o
 .debug_macro   0x0002573b       0x91 ./Application/User/main.o
 .debug_macro   0x000257cc       0x86 ./Application/User/main.o
 .debug_macro   0x00025852       0x7e ./Application/User/main.o
 .debug_macro   0x000258d0       0x19 ./Application/User/main.o
 .debug_macro   0x000258e9       0xcf ./Application/User/main.o
 .debug_macro   0x000259b8       0x12 ./Application/User/main.o
 .debug_macro   0x000259ca       0x12 ./Application/User/main.o
 .debug_macro   0x000259dc       0xe2 ./Application/User/main.o
 .debug_macro   0x00025abe       0x7c ./Application/User/main.o
 .debug_macro   0x00025b3a      0x27a ./Application/User/stm32f7xx_hal_timebase_tim.o
 .debug_macro   0x00025db4      0x3b5 ./Application/User/stm32f7xx_it.o
 .debug_macro   0x00026169      0x2a7 ./Drivers/BSP/STM32746G_Discovery/stm32746g_discovery.o
 .debug_macro   0x00026410      0x25b ./Drivers/BSP/STM32746G_Discovery/stm32746g_discovery.o
 .debug_macro   0x0002666b      0x298 ./Drivers/BSP/STM32746G_Discovery/stm32746g_discovery_sd.o
 .debug_macro   0x00026903      0x280 ./Drivers/CMSIS/system_stm32f7xx.o
 .debug_macro   0x00026b83      0x29e ./Drivers/STM32F7xx_HAL_Driver/stm32f7xx_hal.o
 .debug_macro   0x00026e21      0x27a ./Drivers/STM32F7xx_HAL_Driver/stm32f7xx_hal_cortex.o
 .debug_macro   0x0002709b      0x280 ./Drivers/STM32F7xx_HAL_Driver/stm32f7xx_hal_dma.o
 .debug_macro   0x0002731b      0x280 ./Drivers/STM32F7xx_HAL_Driver/stm32f7xx_hal_gpio.o
 .debug_macro   0x0002759b      0x292 ./Drivers/STM32F7xx_HAL_Driver/stm32f7xx_hal_pwr_ex.o
 .debug_macro   0x0002782d      0x29e ./Drivers/STM32F7xx_HAL_Driver/stm32f7xx_hal_rcc.o
 .debug_macro   0x00027acb      0x27b ./Drivers/STM32F7xx_HAL_Driver/stm32f7xx_hal_sd.o
 .debug_macro   0x00027d46      0x27b ./Drivers/STM32F7xx_HAL_Driver/stm32f7xx_hal_tim.o
 .debug_macro   0x00027fc1      0x27a ./Drivers/STM32F7xx_HAL_Driver/stm32f7xx_hal_tim_ex.o
 .debug_macro   0x0002823b      0x27b ./Drivers/STM32F7xx_HAL_Driver/stm32f7xx_ll_sdmmc.o
 .debug_macro   0x000284b6      0x16b ./Middlewares/FatFs/Core/diskio.o
 .debug_macro   0x00028621      0x110 ./Middlewares/FatFs/Core/diskio.o
 .debug_macro   0x00028731      0x569 ./Middlewares/FatFs/Core/ff.o
 .debug_macro   0x00028c9a       0x8e ./Middlewares/FatFs/Core/ff.o
 .debug_macro   0x00028d28      0x165 ./Middlewares/FatFs/Core/ff_gen_drv.o
 .debug_macro   0x00028e8d      0x3bd ./Middlewares/FatFs/Drivers/sd_diskio_dma_rtos.o
 .debug_macro   0x0002924a      0x14d ./Middlewares/FatFs/Options/syscall.o
 .debug_macro   0x00029397      0x157 ./Middlewares/FatFs/Options/unicode.o
 .debug_macro   0x000294ee      0x1fe ./Middlewares/FreeRTOS/CMSIS_RTOS/cmsis_os.o
 .debug_macro   0x000296ec       0x10 ./Middlewares/FreeRTOS/CMSIS_RTOS/cmsis_os.o
 .debug_macro   0x000296fc       0x20 ./Middlewares/FreeRTOS/CMSIS_RTOS/cmsis_os.o
 .debug_macro   0x0002971c       0xc7 ./Middlewares/FreeRTOS/CMSIS_RTOS/cmsis_os.o
 .debug_macro   0x000297e3      0x187 ./Middlewares/FreeRTOS/list.o
 .debug_macro   0x0002996a      0x11c ./Middlewares/FreeRTOS/list.o
 .debug_macro   0x00029a86       0x9b ./Middlewares/FreeRTOS/list.o
 .debug_macro   0x00029b21      0x216 ./Middlewares/FreeRTOS/queue.o
 .debug_macro   0x00029d37       0x16 ./Middlewares/FreeRTOS/queue.o
 .debug_macro   0x00029d4d       0x80 ./Middlewares/FreeRTOS/queue.o
 .debug_macro   0x00029dcd      0x279 ./Middlewares/FreeRTOS/tasks.o
 .debug_macro   0x0002a046       0x10 ./Middlewares/FreeRTOS/tasks.o
 .debug_macro   0x0002a056      0x1ae ./Middlewares/FreeRTOS/portable/heap_4.o
 .debug_macro   0x0002a204      0x184 ./Middlewares/FreeRTOS/portable/port.o

.comment        0x00000000       0x43
 .comment       0x00000000       0x43 ./Application/User/main.o
                                 0x44 (size before relaxing)
 .comment       0x00000043       0x44 ./Application/User/stm32f7xx_hal_timebase_tim.o
 .comment       0x00000043       0x44 ./Application/User/stm32f7xx_it.o