../Core/Src/sd_diskio_dma_rtos.c:92:16:SD_CheckStatus	16	static
../Core/Src/sd_diskio_dma_rtos.c:109:9:SD_initialize	40	static
../Core/Src/sd_diskio_dma_rtos.c:148:9:SD_status	16	static
../Core/Src/sd_diskio_dma_rtos.c:161:9:SD_read	48	static
../Core/Src/sd_diskio_dma_rtos.c:215:9:SD_write	48	static
../Core/Src/sd_diskio_dma_rtos.c:268:9:SD_ioctl	56	static
../Core/Src/sd_diskio_dma_rtos.c:318:6:BSP_SD_WriteCpltCallback	8	static
../Core/Src/sd_diskio_dma_rtos.c:333:6:BSP_SD_ReadCpltCallback	8	static
