../Core/Src/stm32f7xx_it.c:75:6:NMI_Handler	4	static
../Core/Src/stm32f7xx_it.c:88:6:HardFault_Handler	4	static
../Core/Src/stm32f7xx_it.c:101:6:MemManage_Handler	4	static
../Core/Src/stm32f7xx_it.c:114:6:BusFault_Handler	4	static
../Core/Src/stm32f7xx_it.c:127:6:UsageFault_Handler	4	static
../Core/Src/stm32f7xx_it.c:140:6:DebugMon_Handler	4	static
../Core/Src/stm32f7xx_it.c:159:6:SDMMC1_IRQHandler	8	static
../Core/Src/stm32f7xx_it.c:172:6:TIM6_DAC_IRQHandler	8	static
../Core/Src/stm32f7xx_it.c:185:6:DMA2_Stream3_IRQHandler	8	static
../Core/Src/stm32f7xx_it.c:198:6:DMA2_Stream6_IRQHandler	8	static
../Core/Src/stm32f7xx_it.c:211:6:LTDC_IRQHandler	8	static
../Core/Src/stm32f7xx_it.c:224:6:DMA2D_IRQHandler	8	static
