D:/SEHTEL/Documents/3D/Project_KARTRAK/Kartrack_SW/Kartrack_SW/Core/Src/main.c:770:6:StartDefaultTask	1
D:/SEHTEL/Documents/3D/Project_KARTRAK/Kartrack_SW/Kartrack_SW/Core/Src/main.c:251:6:SystemClock_Config	1
D:/SEHTEL/Documents/3D/Project_KARTRAK/Kartrack_SW/Kartrack_SW/Core/Src/main.c:696:6:GetManufacturerId	1
D:/SEHTEL/Documents/3D/Project_KARTRAK/Kartrack_SW/Kartrack_SW/Core/Src/main.c:726:6:EnableMemoryMappedMode	1
D:/SEHTEL/Documents/3D/Project_KARTRAK/Kartrack_SW/Kartrack_SW/Core/Src/main.c:143:5:main	3
D:/SEHTEL/Documents/3D/Project_KARTRAK/Kartrack_SW/Kartrack_SW/Core/Src/main.c:757:6:UpdateDataLive	1
D:/SEHTEL/Documents/3D/Project_KARTRAK/Kartrack_SW/Kartrack_SW/Core/Src/main.c:832:6:HAL_TIM_PeriodElapsedCallback	2
D:/SEHTEL/Documents/3D/Project_KARTRAK/Kartrack_SW/Kartrack_SW/Core/Src/main.c:850:6:Error_Handler	1
