D:/SEHTEL/Documents/3D/Project_KARTRAK/Kartrack_SW/Kartrack_SW/Core/Src/main.c:770:6:StartDefaultTask	8	static
D:/SEHTEL/Documents/3D/Project_KARTRAK/Kartrack_SW/Kartrack_SW/Core/Src/main.c:251:6:SystemClock_Config	88	static
D:/SEHTEL/Documents/3D/Project_KARTRAK/Kartrack_SW/Kartrack_SW/Core/Src/main.c:696:6:GetManufacturerId	72	static
D:/SEHTEL/Documents/3D/Project_KARTRAK/Kartrack_SW/Kartrack_SW/Core/Src/main.c:726:6:EnableMemoryMappedMode	72	static
D:/SEHTEL/Documents/3D/Project_KARTRAK/Kartrack_SW/Kartrack_SW/Core/Src/main.c:143:5:main	120	static,ignoring_inline_asm
D:/SEHTEL/Documents/3D/Project_KARTRAK/Kartrack_SW/Kartrack_SW/Core/Src/main.c:757:6:UpdateDataLive	0	static
D:/SEHTEL/Documents/3D/Project_KARTRAK/Kartrack_SW/Kartrack_SW/Core/Src/main.c:832:6:HAL_TIM_PeriodElapsedCallback	0	static
D:/SEHTEL/Documents/3D/Project_KARTRAK/Kartrack_SW/Kartrack_SW/Core/Src/main.c:850:6:Error_Handler	0	static
