../../Middlewares/ST/touchgfx/framework/include/touchgfx/Screen.hpp:104:18:virtual void touchgfx::Screen::afterTransition()	0	static
../../Middlewares/ST/touchgfx/framework/include/touchgfx/Screen.hpp:144:18:virtual void touchgfx::Screen::handleTickEvent()	0	static
../../Middlewares/ST/touchgfx/framework/include/touchgfx/Screen.hpp:154:18:virtual void touchgfx::Screen::handleKeyEvent(uint8_t)	0	static
D:/ecole/PROJET_3D/Kartrack_SW/TouchGFX/gui/src/main_screen/MainView.cpp:18:6:virtual void MainView::tearDownScreen()	0	static
../../TouchGFX/gui/include/gui/main_screen/MainView.hpp:17:13:MainView::~MainView()	8	static
../../TouchGFX/gui/include/gui/main_screen/MainView.hpp:17:13:virtual MainView::~MainView()	8	static
D:/ecole/PROJET_3D/Kartrack_SW/TouchGFX/gui/src/main_screen/MainView.cpp:53:6:virtual void MainView::VALIDEClicked()	8	static
../../Middlewares/ST/touchgfx/framework/include/touchgfx/Drawable.hpp:588:18:virtual void touchgfx::Drawable::moveTo(int16_t, int16_t)	4	static
D:/ecole/PROJET_3D/Kartrack_SW/TouchGFX/gui/src/main_screen/MainView.cpp:3:1:MainView::MainView()	8	static
D:/ecole/PROJET_3D/Kartrack_SW/TouchGFX/gui/src/main_screen/MainView.cpp:8:6:virtual void MainView::setupScreen()	8	static
D:/ecole/PROJET_3D/Kartrack_SW/TouchGFX/gui/src/main_screen/MainView.cpp:23:6:void MainView::updateSelectorPosition()	8	static
D:/ecole/PROJET_3D/Kartrack_SW/TouchGFX/gui/src/main_screen/MainView.cpp:38:6:virtual void MainView::UPClicked()	0	static
D:/ecole/PROJET_3D/Kartrack_SW/TouchGFX/gui/src/main_screen/MainView.cpp:47:6:virtual void MainView::DOWNClicked()	0	static
