../../Middlewares/ST/touchgfx/framework/include/touchgfx/Screen.hpp:104:18:virtual void touchgfx::Screen::afterTransition()	0	static
../../Middlewares/ST/touchgfx/framework/include/touchgfx/Screen.hpp:144:18:virtual void touchgfx::Screen::handleTickEvent()	0	static
../../Middlewares/ST/touchgfx/framework/include/touchgfx/Screen.hpp:154:18:virtual void touchgfx::Screen::handleKeyEvent(uint8_t)	0	static
D:/ecole/PROJET_3D/Kartrack_SW/TouchGFX/gui/src/session_start_screen/Session_StartView.cpp:13:6:virtual void Session_StartView::tearDownScreen()	0	static
../../TouchGFX/gui/include/gui/session_start_screen/Session_StartView.hpp:11:13:Session_StartView::~Session_StartView()	8	static
../../TouchGFX/gui/include/gui/session_start_screen/Session_StartView.hpp:11:13:virtual Session_StartView::~Session_StartView()	8	static
D:/ecole/PROJET_3D/Kartrack_SW/TouchGFX/gui/src/session_start_screen/Session_StartView.cpp:3:1:Session_StartView::Session_StartView()	8	static
D:/ecole/PROJET_3D/Kartrack_SW/TouchGFX/gui/src/session_start_screen/Session_StartView.cpp:8:6:virtual void Session_StartView::setupScreen()	0	static
