../../TouchGFX/gui/include/gui/session_start_screen/Session_StartPresenter.hpp:28:13:Session_StartPresenter::~Session_StartPresenter()	0	static
D:/SEHTEL/Documents/3D/Project_KARTRAK/Kartrack_SW/Kartrack_SW/TouchGFX/gui/src/session_start_screen/Session_StartPresenter.cpp:10:6:virtual void Session_StartPresenter::activate()	0	static
../../TouchGFX/gui/include/gui/session_start_screen/Session_StartPresenter.hpp:28:13:virtual Session_StartPresenter::~Session_StartPresenter()	8	static
../../TouchGFX/gui/include/gui/session_start_screen/Session_StartPresenter.hpp:28:13:virtual void* Session_StartPresenter::_ZThn4_N22Session_StartPresenterD1Ev()	0	static
D:/SEHTEL/Documents/3D/Project_KARTRAK/Kartrack_SW/Kartrack_SW/TouchGFX/gui/src/session_start_screen/Session_StartPresenter.cpp:4:1:Session_StartPresenter::Session_StartPresenter(Session_StartView&)	0	static
